Phase 1 reference: UCL_T2=18.7702  UCL_SPE=16.0194
Scoring benign held-out test...
  benign test: n=446
Scoring attack: Gafyt
    CTU-IoT-Malware-Capture-60-1.csv: chunk 1, 66,248 rows (4s)
[Gafyt] scored 66,248 rows in 4s
Scoring attack: Hakai
Scoring attack: Hide and seek
    CTU-IoT-Malware-Capture-1-1.csv: chunk 1, 12,030 rows (1s)
[Hide and seek] scored 12,030 rows in 1s
Scoring attack: IRCbot
    CTU-IoT-Malware-Capture-39-1_split.csv: chunk 1, 200,000 rows (10s)
    CTU-IoT-Malware-Capture-39-1_split.csv: chunk 2, 400,000 rows (22s)
    CTU-IoT-Malware-Capture-39-1_split.csv: chunk 3, 600,000 rows (33s)
    CTU-IoT-Malware-Capture-39-1_split.csv: chunk 4, 800,000 rows (45s)
    CTU-IoT-Malware-Capture-39-1_split.csv: chunk 5, 1,000,000 rows (56s)
    CTU-IoT-Malware-Capture-39-1_split.csv: chunk 6, 1,200,000 rows (68s)
    CTU-IoT-Malware-Capture-39-1_split.csv: chunk 7, 1,400,000 rows (81s)
    CTU-IoT-Malware-Capture-39-1_split.csv: chunk 8, 1,600,000 rows (91s)
    CTU-IoT-Malware-Capture-39-1_split.csv: chunk 9, 1,800,000 rows (103s)
    CTU-IoT-Malware-Capture-39-1_split.csv: chunk 10, 2,000,000 rows (114s)
    CTU-IoT-Malware-Capture-39-1_split.csv: chunk 11, 2,200,000 rows (125s)
    CTU-IoT-Malware-Capture-39-1_split.csv: chunk 12, 2,400,000 rows (136s)
    CTU-IoT-Malware-Capture-39-1_split.csv: chunk 13, 2,600,000 rows (147s)
    CTU-IoT-Malware-Capture-39-1_split.csv: chunk 14, 2,800,000 rows (158s)
    CTU-IoT-Malware-Capture-39-1_split.csv: chunk 15, 3,000,000 rows (169s)
    CTU-IoT-Malware-Capture-39-1_split.csv: chunk 16, 3,200,000 rows (180s)
    CTU-IoT-Malware-Capture-39-1_split.csv: chunk 17, 3,400,000 rows (191s)
    CTU-IoT-Malware-Capture-39-1_split.csv: chunk 18, 3,600,000 rows (202s)
    CTU-IoT-Malware-Capture-39-1_split.csv: chunk 19, 3,800,000 rows (213s)
    CTU-IoT-Malware-Capture-39-1_split.csv: chunk 20, 4,000,000 rows (224s)
    CTU-IoT-Malware-Capture-39-1_split.csv: chunk 21, 4,200,000 rows (235s)
    CTU-IoT-Malware-Capture-39-1_split.csv: chunk 22, 4,400,000 rows (246s)
    CTU-IoT-Malware-Capture-39-1_split.csv: chunk 23, 4,600,000 rows (257s)
    CTU-IoT-Malware-Capture-39-1_split.csv: chunk 24, 4,800,000 rows (268s)
    CTU-IoT-Malware-Capture-39-1_split.csv: chunk 25, 5,000,000 rows (279s)
    CTU-IoT-Malware-Capture-39-1_split.csv: chunk 26, 5,200,000 rows (290s)
    CTU-IoT-Malware-Capture-39-1_split.csv: chunk 27, 5,400,000 rows (301s)
    CTU-IoT-Malware-Capture-39-1_split.csv: chunk 28, 5,600,000 rows (313s)
    CTU-IoT-Malware-Capture-39-1_split.csv: chunk 29, 5,800,000 rows (324s)
    CTU-IoT-Malware-Capture-39-1_split.csv: chunk 30, 6,000,000 rows (336s)
    CTU-IoT-Malware-Capture-39-1_split.csv: chunk 31, 6,200,000 rows (347s)
    CTU-IoT-Malware-Capture-39-1_split.csv: chunk 32, 6,400,000 rows (360s)
    CTU-IoT-Malware-Capture-39-1_split.csv: chunk 33, 6,600,000 rows (373s)
    CTU-IoT-Malware-Capture-39-1_split.csv: chunk 34, 6,800,000 rows (384s)
    CTU-IoT-Malware-Capture-39-1_split.csv: chunk 35, 7,000,000 rows (397s)
    CTU-IoT-Malware-Capture-39-1_split.csv: chunk 36, 7,200,000 rows (409s)
    CTU-IoT-Malware-Capture-39-1_split.csv: chunk 37, 7,400,000 rows (421s)
    CTU-IoT-Malware-Capture-39-1_split.csv: chunk 38, 7,600,000 rows (433s)
    CTU-IoT-Malware-Capture-39-1_split.csv: chunk 39, 7,800,000 rows (444s)
    CTU-IoT-Malware-Capture-39-1_split.csv: chunk 40, 8,000,000 rows (455s)
    CTU-IoT-Malware-Capture-39-1_split.csv: chunk 41, 8,200,000 rows (466s)
    CTU-IoT-Malware-Capture-39-1_split.csv: chunk 42, 8,400,000 rows (477s)
    CTU-IoT-Malware-Capture-39-1_split.csv: chunk 43, 8,600,000 rows (488s)
    CTU-IoT-Malware-Capture-39-1_split.csv: chunk 44, 8,800,000 rows (498s)
    CTU-IoT-Malware-Capture-39-1_split.csv: chunk 45, 9,000,000 rows (509s)
    CTU-IoT-Malware-Capture-39-1_split.csv: chunk 46, 9,200,000 rows (521s)
    CTU-IoT-Malware-Capture-39-1_split.csv: chunk 47, 9,400,000 rows (533s)
    CTU-IoT-Malware-Capture-39-1_split.csv: chunk 48, 9,600,000 rows (545s)
    CTU-IoT-Malware-Capture-39-1_split.csv: chunk 49, 9,800,000 rows (556s)
    CTU-IoT-Malware-Capture-39-1_split.csv: chunk 50, 10,000,000 rows (567s)
    CTU-IoT-Malware-Capture-39-1_split.csv: chunk 51, 10,200,000 rows (578s)
    CTU-IoT-Malware-Capture-39-1_split.csv: chunk 52, 10,400,000 rows (589s)
    CTU-IoT-Malware-Capture-39-1_split.csv: chunk 53, 10,600,000 rows (601s)
    CTU-IoT-Malware-Capture-39-1_split.csv: chunk 54, 10,800,000 rows (612s)
    CTU-IoT-Malware-Capture-39-1_split.csv: chunk 55, 11,000,000 rows (623s)
[IRCbot] scored 11,000,000 rows in 623s
Scoring attack: Kenjiro
    CTU-IoT-Malware-Capture-17-1_split.csv: chunk 1, 200,000 rows (11s)
    CTU-IoT-Malware-Capture-17-1_split.csv: chunk 2, 400,000 rows (22s)
    CTU-IoT-Malware-Capture-17-1_split.csv: chunk 3, 600,000 rows (33s)
    CTU-IoT-Malware-Capture-17-1_split.csv: chunk 4, 800,000 rows (44s)
    CTU-IoT-Malware-Capture-17-1_split.csv: chunk 5, 1,000,000 rows (55s)
    CTU-IoT-Malware-Capture-17-1_split.csv: chunk 6, 1,200,000 rows (66s)
    CTU-IoT-Malware-Capture-17-1_split.csv: chunk 7, 1,400,000 rows (77s)
    CTU-IoT-Malware-Capture-17-1_split.csv: chunk 8, 1,600,000 rows (88s)
    CTU-IoT-Malware-Capture-17-1_split.csv: chunk 9, 1,800,000 rows (99s)
    CTU-IoT-Malware-Capture-17-1_split.csv: chunk 10, 2,000,000 rows (109s)
    CTU-IoT-Malware-Capture-17-1_split.csv: chunk 11, 2,200,000 rows (121s)
    CTU-IoT-Malware-Capture-17-1_split.csv: chunk 12, 2,400,000 rows (132s)
    CTU-IoT-Malware-Capture-17-1_split.csv: chunk 13, 2,600,000 rows (145s)
    CTU-IoT-Malware-Capture-17-1_split.csv: chunk 14, 2,800,000 rows (158s)
    CTU-IoT-Malware-Capture-17-1_split.csv: chunk 15, 3,000,000 rows (171s)
    CTU-IoT-Malware-Capture-17-1_split.csv: chunk 16, 3,200,000 rows (185s)
    CTU-IoT-Malware-Capture-17-1_split.csv: chunk 17, 3,400,000 rows (198s)
    CTU-IoT-Malware-Capture-17-1_split.csv: chunk 18, 3,600,000 rows (212s)
    CTU-IoT-Malware-Capture-17-1_split.csv: chunk 19, 3,800,000 rows (225s)
    CTU-IoT-Malware-Capture-17-1_split.csv: chunk 20, 4,000,000 rows (238s)
    CTU-IoT-Malware-Capture-17-1_split.csv: chunk 21, 4,200,000 rows (250s)
    CTU-IoT-Malware-Capture-17-1_split.csv: chunk 22, 4,400,000 rows (262s)
    CTU-IoT-Malware-Capture-17-1_split.csv: chunk 23, 4,600,000 rows (275s)
    CTU-IoT-Malware-Capture-17-1_split.csv: chunk 24, 4,800,000 rows (289s)
    CTU-IoT-Malware-Capture-17-1_split.csv: chunk 25, 5,000,000 rows (302s)
    CTU-IoT-Malware-Capture-17-1_split.csv: chunk 26, 5,200,000 rows (315s)
    CTU-IoT-Malware-Capture-17-1_split.csv: chunk 27, 5,400,000 rows (326s)
    CTU-IoT-Malware-Capture-17-1_split.csv: chunk 28, 5,600,000 rows (337s)
    CTU-IoT-Malware-Capture-17-1_split.csv: chunk 29, 5,800,000 rows (348s)
    CTU-IoT-Malware-Capture-17-1_split.csv: chunk 30, 6,000,000 rows (358s)
    CTU-IoT-Malware-Capture-17-1_split.csv: chunk 31, 6,200,000 rows (368s)
    CTU-IoT-Malware-Capture-17-1_split.csv: chunk 32, 6,400,000 rows (378s)
    CTU-IoT-Malware-Capture-17-1_split.csv: chunk 33, 6,600,000 rows (390s)
    CTU-IoT-Malware-Capture-17-1_split.csv: chunk 34, 6,800,000 rows (400s)
    CTU-IoT-Malware-Capture-17-1_split.csv: chunk 35, 7,000,000 rows (411s)
    CTU-IoT-Malware-Capture-17-1_split.csv: chunk 36, 7,200,000 rows (421s)
    CTU-IoT-Malware-Capture-17-1_split.csv: chunk 37, 7,400,000 rows (431s)
    CTU-IoT-Malware-Capture-17-1_split.csv: chunk 38, 7,600,000 rows (442s)
    CTU-IoT-Malware-Capture-17-1_split.csv: chunk 39, 7,800,000 rows (453s)
    CTU-IoT-Malware-Capture-17-1_split.csv: chunk 40, 8,000,000 rows (464s)
    CTU-IoT-Malware-Capture-17-1_split.csv: chunk 41, 8,200,000 rows (475s)
    CTU-IoT-Malware-Capture-17-1_split.csv: chunk 42, 8,400,000 rows (486s)
    CTU-IoT-Malware-Capture-17-1_split.csv: chunk 43, 8,600,000 rows (497s)
    CTU-IoT-Malware-Capture-17-1_split.csv: chunk 44, 8,800,000 rows (507s)
    CTU-IoT-Malware-Capture-17-1_split.csv: chunk 45, 9,000,000 rows (519s)
    CTU-IoT-Malware-Capture-17-1_split.csv: chunk 46, 9,200,000 rows (528s)
    CTU-IoT-Malware-Capture-17-1_split.csv: chunk 47, 9,400,000 rows (538s)
    CTU-IoT-Malware-Capture-17-1_split.csv: chunk 48, 9,600,000 rows (549s)
    CTU-IoT-Malware-Capture-17-1_split.csv: chunk 49, 9,800,000 rows (560s)
    CTU-IoT-Malware-Capture-17-1_split.csv: chunk 50, 10,000,000 rows (571s)
    CTU-IoT-Malware-Capture-17-1_split.csv: chunk 51, 10,200,000 rows (582s)
    CTU-IoT-Malware-Capture-17-1_split.csv: chunk 52, 10,400,000 rows (592s)
    CTU-IoT-Malware-Capture-17-1_split.csv: chunk 53, 10,600,000 rows (604s)
    CTU-IoT-Malware-Capture-17-1_split.csv: chunk 54, 10,800,000 rows (614s)
    CTU-IoT-Malware-Capture-17-1_split.csv: chunk 55, 11,000,000 rows (625s)
[Kenjiro] scored 11,000,000 rows in 625s
Scoring attack: Linux Hajime
    CTU-IoT-Malware-Capture-9-1.csv: chunk 1, 200,000 rows (10s)
    CTU-IoT-Malware-Capture-9-1.csv: chunk 2, 400,000 rows (21s)
    CTU-IoT-Malware-Capture-9-1.csv: chunk 3, 600,000 rows (31s)
    CTU-IoT-Malware-Capture-9-1.csv: chunk 4, 800,000 rows (42s)
    CTU-IoT-Malware-Capture-9-1.csv: chunk 5, 1,000,000 rows (52s)
    CTU-IoT-Malware-Capture-9-1.csv: chunk 6, 1,200,000 rows (61s)
    CTU-IoT-Malware-Capture-9-1.csv: chunk 7, 1,400,000 rows (70s)
    CTU-IoT-Malware-Capture-9-1.csv: chunk 8, 1,600,000 rows (80s)
    CTU-IoT-Malware-Capture-9-1.csv: chunk 9, 1,800,000 rows (91s)
    CTU-IoT-Malware-Capture-9-1.csv: chunk 10, 2,000,000 rows (103s)
    CTU-IoT-Malware-Capture-9-1.csv: chunk 11, 2,200,000 rows (114s)
    CTU-IoT-Malware-Capture-9-1.csv: chunk 12, 2,400,000 rows (124s)
    CTU-IoT-Malware-Capture-9-1.csv: chunk 13, 2,600,000 rows (135s)
    CTU-IoT-Malware-Capture-9-1.csv: chunk 14, 2,800,000 rows (146s)
    CTU-IoT-Malware-Capture-9-1.csv: chunk 15, 3,000,000 rows (156s)
    CTU-IoT-Malware-Capture-9-1.csv: chunk 16, 3,200,000 rows (167s)
    CTU-IoT-Malware-Capture-9-1.csv: chunk 17, 3,400,000 rows (177s)
    CTU-IoT-Malware-Capture-9-1.csv: chunk 18, 3,600,000 rows (188s)
    CTU-IoT-Malware-Capture-9-1.csv: chunk 19, 3,800,000 rows (198s)
    CTU-IoT-Malware-Capture-9-1.csv: chunk 20, 4,000,000 rows (209s)
    CTU-IoT-Malware-Capture-9-1.csv: chunk 21, 4,200,000 rows (220s)
    CTU-IoT-Malware-Capture-9-1.csv: chunk 22, 4,400,000 rows (231s)
    CTU-IoT-Malware-Capture-9-1.csv: chunk 23, 4,600,000 rows (242s)
    CTU-IoT-Malware-Capture-9-1.csv: chunk 24, 4,800,000 rows (253s)
    CTU-IoT-Malware-Capture-9-1.csv: chunk 25, 5,000,000 rows (264s)
    CTU-IoT-Malware-Capture-9-1.csv: chunk 26, 5,200,000 rows (276s)
    CTU-IoT-Malware-Capture-9-1.csv: chunk 27, 5,400,000 rows (286s)
    CTU-IoT-Malware-Capture-9-1.csv: chunk 28, 5,600,000 rows (297s)
    CTU-IoT-Malware-Capture-9-1.csv: chunk 29, 5,800,000 rows (307s)
    CTU-IoT-Malware-Capture-9-1.csv: chunk 30, 6,000,000 rows (317s)
    CTU-IoT-Malware-Capture-9-1.csv: chunk 31, 6,200,000 rows (327s)
    CTU-IoT-Malware-Capture-9-1.csv: chunk 32, 6,374,577 rows (335s)
[Linux Hajime] scored 6,374,577 rows in 335s
Scoring attack: Linux Mirai
    CTU-IoT-Malware-Capture-7-1.csv: chunk 1, 200,000 rows (9s)
    CTU-IoT-Malware-Capture-7-1.csv: chunk 2, 400,000 rows (19s)
    CTU-IoT-Malware-Capture-7-1.csv: chunk 3, 600,000 rows (28s)
    CTU-IoT-Malware-Capture-7-1.csv: chunk 4, 800,000 rows (38s)
    CTU-IoT-Malware-Capture-7-1.csv: chunk 5, 1,000,000 rows (47s)
    CTU-IoT-Malware-Capture-7-1.csv: chunk 6, 1,200,000 rows (57s)
    CTU-IoT-Malware-Capture-7-1.csv: chunk 7, 1,400,000 rows (67s)
    CTU-IoT-Malware-Capture-7-1.csv: chunk 8, 1,600,000 rows (77s)
    CTU-IoT-Malware-Capture-7-1.csv: chunk 9, 1,800,000 rows (86s)
    CTU-IoT-Malware-Capture-7-1.csv: chunk 10, 2,000,000 rows (96s)
    CTU-IoT-Malware-Capture-7-1.csv: chunk 11, 2,200,000 rows (105s)
    CTU-IoT-Malware-Capture-7-1.csv: chunk 12, 2,400,000 rows (115s)
    CTU-IoT-Malware-Capture-7-1.csv: chunk 13, 2,600,000 rows (124s)
    CTU-IoT-Malware-Capture-7-1.csv: chunk 14, 2,800,000 rows (134s)
    CTU-IoT-Malware-Capture-7-1.csv: chunk 15, 3,000,000 rows (144s)
    CTU-IoT-Malware-Capture-7-1.csv: chunk 16, 3,200,000 rows (153s)
    CTU-IoT-Malware-Capture-7-1.csv: chunk 17, 3,400,000 rows (163s)
    CTU-IoT-Malware-Capture-7-1.csv: chunk 18, 3,600,000 rows (172s)
    CTU-IoT-Malware-Capture-7-1.csv: chunk 19, 3,800,000 rows (182s)
    CTU-IoT-Malware-Capture-7-1.csv: chunk 20, 4,000,000 rows (192s)
    CTU-IoT-Malware-Capture-7-1.csv: chunk 21, 4,200,000 rows (202s)
    CTU-IoT-Malware-Capture-7-1.csv: chunk 22, 4,400,000 rows (211s)
    CTU-IoT-Malware-Capture-7-1.csv: chunk 23, 4,600,000 rows (221s)
    CTU-IoT-Malware-Capture-7-1.csv: chunk 24, 4,800,000 rows (231s)
    CTU-IoT-Malware-Capture-7-1.csv: chunk 25, 5,000,000 rows (240s)
    CTU-IoT-Malware-Capture-7-1.csv: chunk 26, 5,200,000 rows (250s)
    CTU-IoT-Malware-Capture-7-1.csv: chunk 27, 5,400,000 rows (260s)
    CTU-IoT-Malware-Capture-7-1.csv: chunk 28, 5,600,000 rows (269s)
    CTU-IoT-Malware-Capture-7-1.csv: chunk 29, 5,800,000 rows (279s)
    CTU-IoT-Malware-Capture-7-1.csv: chunk 30, 6,000,000 rows (289s)
    CTU-IoT-Malware-Capture-7-1.csv: chunk 31, 6,200,000 rows (299s)
    CTU-IoT-Malware-Capture-7-1.csv: chunk 32, 6,400,000 rows (308s)
    CTU-IoT-Malware-Capture-7-1.csv: chunk 33, 6,600,000 rows (318s)
    CTU-IoT-Malware-Capture-7-1.csv: chunk 34, 6,800,000 rows (328s)
    CTU-IoT-Malware-Capture-7-1.csv: chunk 35, 7,000,000 rows (338s)
    CTU-IoT-Malware-Capture-7-1.csv: chunk 36, 7,200,000 rows (347s)
    CTU-IoT-Malware-Capture-7-1.csv: chunk 37, 7,400,000 rows (357s)
    CTU-IoT-Malware-Capture-7-1.csv: chunk 38, 7,600,000 rows (367s)
    CTU-IoT-Malware-Capture-7-1.csv: chunk 39, 7,800,000 rows (376s)
    CTU-IoT-Malware-Capture-7-1.csv: chunk 40, 8,000,000 rows (386s)
    CTU-IoT-Malware-Capture-7-1.csv: chunk 41, 8,200,000 rows (396s)
    CTU-IoT-Malware-Capture-7-1.csv: chunk 42, 8,400,000 rows (405s)
    CTU-IoT-Malware-Capture-7-1.csv: chunk 43, 8,600,000 rows (415s)
    CTU-IoT-Malware-Capture-7-1.csv: chunk 44, 8,800,000 rows (425s)
    CTU-IoT-Malware-Capture-7-1.csv: chunk 45, 9,000,000 rows (435s)
    CTU-IoT-Malware-Capture-7-1.csv: chunk 46, 9,200,000 rows (445s)
    CTU-IoT-Malware-Capture-7-1.csv: chunk 47, 9,400,000 rows (455s)
    CTU-IoT-Malware-Capture-7-1.csv: chunk 48, 9,600,000 rows (465s)
    CTU-IoT-Malware-Capture-7-1.csv: chunk 49, 9,800,000 rows (474s)
    CTU-IoT-Malware-Capture-7-1.csv: chunk 50, 10,000,000 rows (484s)
    CTU-IoT-Malware-Capture-7-1.csv: chunk 51, 10,200,000 rows (494s)
    CTU-IoT-Malware-Capture-7-1.csv: chunk 52, 10,400,000 rows (504s)
    CTU-IoT-Malware-Capture-7-1.csv: chunk 53, 10,600,000 rows (514s)
    CTU-IoT-Malware-Capture-7-1.csv: chunk 54, 10,800,000 rows (524s)
    CTU-IoT-Malware-Capture-7-1.csv: chunk 55, 11,000,000 rows (534s)
    CTU-IoT-Malware-Capture-7-1.csv: chunk 56, 11,200,000 rows (546s)
    CTU-IoT-Malware-Capture-7-1.csv: chunk 57, 11,385,770 rows (558s)
[Linux Mirai] scored 11,385,770 rows in 558s
Scoring attack: Mirai
    CTU-IoT-Malware-Capture-35-1.csv: chunk 1, 200,000 rows (10s)
    CTU-IoT-Malware-Capture-35-1.csv: chunk 2, 400,000 rows (22s)
    CTU-IoT-Malware-Capture-35-1.csv: chunk 3, 600,000 rows (34s)
    CTU-IoT-Malware-Capture-35-1.csv: chunk 4, 800,000 rows (46s)
    CTU-IoT-Malware-Capture-35-1.csv: chunk 5, 1,000,000 rows (58s)
    CTU-IoT-Malware-Capture-35-1.csv: chunk 6, 1,200,000 rows (70s)
    CTU-IoT-Malware-Capture-35-1.csv: chunk 7, 1,400,000 rows (83s)
    CTU-IoT-Malware-Capture-35-1.csv: chunk 8, 1,600,000 rows (101s)
    CTU-IoT-Malware-Capture-35-1.csv: chunk 9, 1,800,000 rows (116s)
    CTU-IoT-Malware-Capture-35-1.csv: chunk 10, 2,000,000 rows (128s)
    CTU-IoT-Malware-Capture-35-1.csv: chunk 11, 2,200,000 rows (141s)
    CTU-IoT-Malware-Capture-35-1.csv: chunk 12, 2,400,000 rows (153s)
    CTU-IoT-Malware-Capture-35-1.csv: chunk 13, 2,600,000 rows (165s)
    CTU-IoT-Malware-Capture-35-1.csv: chunk 14, 2,800,000 rows (178s)
    CTU-IoT-Malware-Capture-35-1.csv: chunk 15, 3,000,000 rows (191s)
    CTU-IoT-Malware-Capture-35-1.csv: chunk 16, 3,200,000 rows (204s)
    CTU-IoT-Malware-Capture-35-1.csv: chunk 17, 3,400,000 rows (217s)
    CTU-IoT-Malware-Capture-35-1.csv: chunk 18, 3,600,000 rows (231s)
    CTU-IoT-Malware-Capture-35-1.csv: chunk 19, 3,800,000 rows (242s)
    CTU-IoT-Malware-Capture-35-1.csv: chunk 20, 4,000,000 rows (254s)
    CTU-IoT-Malware-Capture-35-1.csv: chunk 21, 4,200,000 rows (264s)
    CTU-IoT-Malware-Capture-35-1.csv: chunk 22, 4,377,188 rows (274s)
[Mirai] scored 4,377,188 rows in 274s
Scoring attack: Muhstik
    CTU-IoT-Malware-Capture-3-1.csv: chunk 1, 83,648 rows (4s)
[Muhstik] scored 83,648 rows in 4s
Scoring attack: Okiru
    CTU-IoT-Malware-Capture-36-1.csv: chunk 1, 200,000 rows (11s)
    CTU-IoT-Malware-Capture-36-1.csv: chunk 2, 400,000 rows (23s)
    CTU-IoT-Malware-Capture-36-1.csv: chunk 3, 600,000 rows (34s)
    CTU-IoT-Malware-Capture-36-1.csv: chunk 4, 800,000 rows (45s)
    CTU-IoT-Malware-Capture-36-1.csv: chunk 5, 1,000,000 rows (56s)
    CTU-IoT-Malware-Capture-36-1.csv: chunk 6, 1,200,000 rows (67s)
    CTU-IoT-Malware-Capture-36-1.csv: chunk 7, 1,400,000 rows (78s)
    CTU-IoT-Malware-Capture-36-1.csv: chunk 8, 1,600,000 rows (89s)
    CTU-IoT-Malware-Capture-36-1.csv: chunk 9, 1,800,000 rows (100s)
    CTU-IoT-Malware-Capture-36-1.csv: chunk 10, 2,000,000 rows (110s)
    CTU-IoT-Malware-Capture-36-1.csv: chunk 11, 2,200,000 rows (122s)
    CTU-IoT-Malware-Capture-36-1.csv: chunk 12, 2,400,000 rows (133s)
    CTU-IoT-Malware-Capture-36-1.csv: chunk 13, 2,600,000 rows (144s)
    CTU-IoT-Malware-Capture-36-1.csv: chunk 14, 2,725,762 rows (151s)
[Okiru] scored 2,725,762 rows in 151s
Scoring attack: Torii
    CTU-IoT-Malware-Capture-20-1.csv: chunk 1, 1,552 rows (0s)
    CTU-IoT-Malware-Capture-21-1.csv: chunk 1, 3,014 rows (0s)
[Torii] scored 4,566 rows in 0s
Scoring attack: Trojan
    CTU-IoT-Malware-Capture-42-1.csv: chunk 1, 3,628 rows (0s)
[Trojan] scored 3,628 rows in 0s
Total pooled: n=47,036,829  benign=446  attack=47,036,383

=== T2 ===
chart  tn  fp    fn       tp        n  accuracy  precision  recall_sensitivity  specificity      fpr      fnr       f1  balanced_accuracy      mcc      auc
   T2 270 176 28177 47008206 47036829  0.999397   0.999996            0.999401     0.605381 0.394619 0.000599 0.999699           0.802391 0.075749 0.811474

=== SPE ===
chart  tn  fp  fn       tp        n  accuracy  precision  recall_sensitivity  specificity      fpr  fnr       f1  balanced_accuracy      mcc      auc
  SPE 153 293   0 47036383 47036829  0.999994   0.999994                 1.0     0.343049 0.656951  0.0 0.999997           0.671525 0.585702 0.994633

Saved: /home/jproanio/Desktop/Modelo_VAE/control_charts/output/classification_metrics.csv
Saved: /home/jproanio/Desktop/Modelo_VAE/control_charts/output/classification_per_attack.csv
Charts: /home/jproanio/Desktop/Modelo_VAE/control_charts/output/confusion_matrix_T2.png, /home/jproanio/Desktop/Modelo_VAE/control_charts/output/confusion_matrix_SPE.png, /home/jproanio/Desktop/Modelo_VAE/control_charts/output/roc_curves.png
