=== 11:40:14 starting Trojan ===
Phase 1 reference: UCL_T2=84.8085  UCL_SPE=787.0822
[Trojan] 1 csv(s): ['CTU-IoT-Malware-Capture-42-1.csv']
    CTU-IoT-Malware-Capture-42-1.csv: chunk 1, 3,628 rows (1s)
[Trojan] n=3,628  T2 out of control=6 (0.17%)  SPE out of control=0 (0.00%)
Summary: /home/jproanio/Desktop/Modelo_VAE/control_charts/output/phase2_summary.csv
=== 11:40:27 finished Trojan ===
=== 11:40:27 starting Torii ===
Phase 1 reference: UCL_T2=84.8085  UCL_SPE=787.0822
[Torii] 2 csv(s): ['CTU-IoT-Malware-Capture-20-1.csv', 'CTU-IoT-Malware-Capture-21-1.csv']
    CTU-IoT-Malware-Capture-20-1.csv: chunk 1, 1,552 rows (0s)
    CTU-IoT-Malware-Capture-21-1.csv: chunk 1, 3,014 rows (0s)
[Torii] n=4,566  T2 out of control=34 (0.74%)  SPE out of control=0 (0.00%)
Summary: /home/jproanio/Desktop/Modelo_VAE/control_charts/output/phase2_summary.csv
=== 11:40:38 finished Torii ===
=== 11:40:38 starting Hakai ===
Phase 1 reference: UCL_T2=84.8085  UCL_SPE=787.0822
[Hakai] 1 csv(s): ['CTU-IoT-Malware-Capture-8-1.csv']
    CTU-IoT-Malware-Capture-8-1.csv: chunk 1, 2,966 rows (1s)
[Hakai] n=2,966  T2 out of control=0 (0.00%)  SPE out of control=0 (0.00%)
Summary: /home/jproanio/Desktop/Modelo_VAE/control_charts/output/phase2_summary.csv
=== 11:40:51 finished Hakai ===
=== 11:40:51 starting Hide and seek ===
Phase 1 reference: UCL_T2=84.8085  UCL_SPE=787.0822
[Hide and seek] 1 csv(s): ['CTU-IoT-Malware-Capture-1-1.csv']
    CTU-IoT-Malware-Capture-1-1.csv: chunk 1, 12,030 rows (1s)
[Hide and seek] n=12,030  T2 out of control=0 (0.00%)  SPE out of control=0 (0.00%)
Summary: /home/jproanio/Desktop/Modelo_VAE/control_charts/output/phase2_summary.csv
=== 11:41:01 finished Hide and seek ===
=== 11:41:01 starting Muhstik ===
Phase 1 reference: UCL_T2=84.8085  UCL_SPE=787.0822
[Muhstik] 1 csv(s): ['CTU-IoT-Malware-Capture-3-1.csv']
    CTU-IoT-Malware-Capture-3-1.csv: chunk 1, 83,648 rows (7s)
[Muhstik] n=83,648  T2 out of control=5 (0.01%)  SPE out of control=0 (0.00%)
Summary: /home/jproanio/Desktop/Modelo_VAE/control_charts/output/phase2_summary.csv
=== 11:41:21 finished Muhstik ===
=== 11:41:21 starting Gafyt ===
Phase 1 reference: UCL_T2=84.8085  UCL_SPE=787.0822
[Gafyt] 1 csv(s): ['CTU-IoT-Malware-Capture-60-1.csv']
    CTU-IoT-Malware-Capture-60-1.csv: chunk 1, 66,248 rows (7s)
[Gafyt] n=66,248  T2 out of control=65,514 (98.89%)  SPE out of control=65,569 (98.98%)
Summary: /home/jproanio/Desktop/Modelo_VAE/control_charts/output/phase2_summary.csv
=== 11:41:39 finished Gafyt ===
=== 11:41:39 starting Okiru ===
Phase 1 reference: UCL_T2=84.8085  UCL_SPE=787.0822
[Okiru] 1 csv(s): ['CTU-IoT-Malware-Capture-36-1.csv']
    CTU-IoT-Malware-Capture-36-1.csv: chunk 1, 200,000 rows (20s)
    CTU-IoT-Malware-Capture-36-1.csv: chunk 2, 400,000 rows (41s)
    CTU-IoT-Malware-Capture-36-1.csv: chunk 3, 600,000 rows (59s)
    CTU-IoT-Malware-Capture-36-1.csv: chunk 4, 800,000 rows (73s)
    CTU-IoT-Malware-Capture-36-1.csv: chunk 5, 1,000,000 rows (86s)
    CTU-IoT-Malware-Capture-36-1.csv: chunk 6, 1,200,000 rows (99s)
    CTU-IoT-Malware-Capture-36-1.csv: chunk 7, 1,400,000 rows (112s)
    CTU-IoT-Malware-Capture-36-1.csv: chunk 8, 1,600,000 rows (125s)
    CTU-IoT-Malware-Capture-36-1.csv: chunk 9, 1,800,000 rows (139s)
    CTU-IoT-Malware-Capture-36-1.csv: chunk 10, 2,000,000 rows (152s)
    CTU-IoT-Malware-Capture-36-1.csv: chunk 11, 2,200,000 rows (163s)
    CTU-IoT-Malware-Capture-36-1.csv: chunk 12, 2,400,000 rows (175s)
    CTU-IoT-Malware-Capture-36-1.csv: chunk 13, 2,600,000 rows (186s)
    CTU-IoT-Malware-Capture-36-1.csv: chunk 14, 2,725,762 rows (193s)
[Okiru] n=2,725,762  T2 out of control=1 (0.00%)  SPE out of control=0 (0.00%)
Summary: /home/jproanio/Desktop/Modelo_VAE/control_charts/output/phase2_summary.csv
=== 11:45:03 finished Okiru ===
=== 11:45:03 starting Mirai ===
Phase 1 reference: UCL_T2=84.8085  UCL_SPE=787.0822
[Mirai] 1 csv(s): ['CTU-IoT-Malware-Capture-35-1.csv']
    CTU-IoT-Malware-Capture-35-1.csv: chunk 1, 200,000 rows (12s)
    CTU-IoT-Malware-Capture-35-1.csv: chunk 2, 400,000 rows (24s)
    CTU-IoT-Malware-Capture-35-1.csv: chunk 3, 600,000 rows (35s)
    CTU-IoT-Malware-Capture-35-1.csv: chunk 4, 800,000 rows (46s)
    CTU-IoT-Malware-Capture-35-1.csv: chunk 5, 1,000,000 rows (57s)
    CTU-IoT-Malware-Capture-35-1.csv: chunk 6, 1,200,000 rows (69s)
    CTU-IoT-Malware-Capture-35-1.csv: chunk 7, 1,400,000 rows (80s)
    CTU-IoT-Malware-Capture-35-1.csv: chunk 8, 1,600,000 rows (91s)
    CTU-IoT-Malware-Capture-35-1.csv: chunk 9, 1,800,000 rows (102s)
    CTU-IoT-Malware-Capture-35-1.csv: chunk 10, 2,000,000 rows (114s)
    CTU-IoT-Malware-Capture-35-1.csv: chunk 11, 2,200,000 rows (125s)
    CTU-IoT-Malware-Capture-35-1.csv: chunk 12, 2,400,000 rows (136s)
    CTU-IoT-Malware-Capture-35-1.csv: chunk 13, 2,600,000 rows (147s)
    CTU-IoT-Malware-Capture-35-1.csv: chunk 14, 2,800,000 rows (159s)
    CTU-IoT-Malware-Capture-35-1.csv: chunk 15, 3,000,000 rows (170s)
    CTU-IoT-Malware-Capture-35-1.csv: chunk 16, 3,200,000 rows (181s)
    CTU-IoT-Malware-Capture-35-1.csv: chunk 17, 3,400,000 rows (192s)
    CTU-IoT-Malware-Capture-35-1.csv: chunk 18, 3,600,000 rows (203s)
    CTU-IoT-Malware-Capture-35-1.csv: chunk 19, 3,800,000 rows (215s)
    CTU-IoT-Malware-Capture-35-1.csv: chunk 20, 4,000,000 rows (226s)
    CTU-IoT-Malware-Capture-35-1.csv: chunk 21, 4,200,000 rows (239s)
    CTU-IoT-Malware-Capture-35-1.csv: chunk 22, 4,377,188 rows (249s)
[Mirai] n=4,377,188  T2 out of control=67,779 (1.55%)  SPE out of control=149,304 (3.41%)
Summary: /home/jproanio/Desktop/Modelo_VAE/control_charts/output/phase2_summary.csv
=== 11:49:19 finished Mirai ===
=== 11:49:19 starting Linux Hajime ===
Phase 1 reference: UCL_T2=84.8085  UCL_SPE=787.0822
[Linux Hajime] 1 csv(s): ['CTU-IoT-Malware-Capture-9-1.csv']
    CTU-IoT-Malware-Capture-9-1.csv: chunk 1, 200,000 rows (13s)
    CTU-IoT-Malware-Capture-9-1.csv: chunk 2, 400,000 rows (24s)
    CTU-IoT-Malware-Capture-9-1.csv: chunk 3, 600,000 rows (35s)
    CTU-IoT-Malware-Capture-9-1.csv: chunk 4, 800,000 rows (46s)
    CTU-IoT-Malware-Capture-9-1.csv: chunk 5, 1,000,000 rows (57s)
    CTU-IoT-Malware-Capture-9-1.csv: chunk 6, 1,200,000 rows (68s)
    CTU-IoT-Malware-Capture-9-1.csv: chunk 7, 1,400,000 rows (80s)
    CTU-IoT-Malware-Capture-9-1.csv: chunk 8, 1,600,000 rows (91s)
    CTU-IoT-Malware-Capture-9-1.csv: chunk 9, 1,800,000 rows (102s)
    CTU-IoT-Malware-Capture-9-1.csv: chunk 10, 2,000,000 rows (113s)
    CTU-IoT-Malware-Capture-9-1.csv: chunk 11, 2,200,000 rows (124s)
    CTU-IoT-Malware-Capture-9-1.csv: chunk 12, 2,400,000 rows (135s)
    CTU-IoT-Malware-Capture-9-1.csv: chunk 13, 2,600,000 rows (146s)
    CTU-IoT-Malware-Capture-9-1.csv: chunk 14, 2,800,000 rows (157s)
    CTU-IoT-Malware-Capture-9-1.csv: chunk 15, 3,000,000 rows (169s)
    CTU-IoT-Malware-Capture-9-1.csv: chunk 16, 3,200,000 rows (180s)
    CTU-IoT-Malware-Capture-9-1.csv: chunk 17, 3,400,000 rows (191s)
    CTU-IoT-Malware-Capture-9-1.csv: chunk 18, 3,600,000 rows (202s)
    CTU-IoT-Malware-Capture-9-1.csv: chunk 19, 3,800,000 rows (213s)
    CTU-IoT-Malware-Capture-9-1.csv: chunk 20, 4,000,000 rows (224s)
    CTU-IoT-Malware-Capture-9-1.csv: chunk 21, 4,200,000 rows (235s)
    CTU-IoT-Malware-Capture-9-1.csv: chunk 22, 4,400,000 rows (246s)
    CTU-IoT-Malware-Capture-9-1.csv: chunk 23, 4,600,000 rows (257s)
    CTU-IoT-Malware-Capture-9-1.csv: chunk 24, 4,800,000 rows (268s)
    CTU-IoT-Malware-Capture-9-1.csv: chunk 25, 5,000,000 rows (279s)
    CTU-IoT-Malware-Capture-9-1.csv: chunk 26, 5,200,000 rows (290s)
    CTU-IoT-Malware-Capture-9-1.csv: chunk 27, 5,400,000 rows (301s)
    CTU-IoT-Malware-Capture-9-1.csv: chunk 28, 5,600,000 rows (314s)
    CTU-IoT-Malware-Capture-9-1.csv: chunk 29, 5,800,000 rows (325s)
    CTU-IoT-Malware-Capture-9-1.csv: chunk 30, 6,000,000 rows (336s)
    CTU-IoT-Malware-Capture-9-1.csv: chunk 31, 6,200,000 rows (348s)
    CTU-IoT-Malware-Capture-9-1.csv: chunk 32, 6,374,577 rows (358s)
[Linux Hajime] n=6,374,577  T2 out of control=276 (0.00%)  SPE out of control=0 (0.00%)
Summary: /home/jproanio/Desktop/Modelo_VAE/control_charts/output/phase2_summary.csv
=== 11:55:24 finished Linux Hajime ===
=== 11:55:24 starting Linux Mirai ===
Phase 1 reference: UCL_T2=84.8085  UCL_SPE=787.0822
[Linux Mirai] 1 csv(s): ['CTU-IoT-Malware-Capture-7-1.csv']
    CTU-IoT-Malware-Capture-7-1.csv: chunk 1, 200,000 rows (13s)
    CTU-IoT-Malware-Capture-7-1.csv: chunk 2, 400,000 rows (24s)
    CTU-IoT-Malware-Capture-7-1.csv: chunk 3, 600,000 rows (35s)
    CTU-IoT-Malware-Capture-7-1.csv: chunk 4, 800,000 rows (46s)
    CTU-IoT-Malware-Capture-7-1.csv: chunk 5, 1,000,000 rows (57s)
    CTU-IoT-Malware-Capture-7-1.csv: chunk 6, 1,200,000 rows (69s)
    CTU-IoT-Malware-Capture-7-1.csv: chunk 7, 1,400,000 rows (80s)
    CTU-IoT-Malware-Capture-7-1.csv: chunk 8, 1,600,000 rows (91s)
    CTU-IoT-Malware-Capture-7-1.csv: chunk 9, 1,800,000 rows (102s)
    CTU-IoT-Malware-Capture-7-1.csv: chunk 10, 2,000,000 rows (113s)
    CTU-IoT-Malware-Capture-7-1.csv: chunk 11, 2,200,000 rows (124s)
    CTU-IoT-Malware-Capture-7-1.csv: chunk 12, 2,400,000 rows (135s)
    CTU-IoT-Malware-Capture-7-1.csv: chunk 13, 2,600,000 rows (146s)
    CTU-IoT-Malware-Capture-7-1.csv: chunk 14, 2,800,000 rows (157s)
    CTU-IoT-Malware-Capture-7-1.csv: chunk 15, 3,000,000 rows (168s)
    CTU-IoT-Malware-Capture-7-1.csv: chunk 16, 3,200,000 rows (179s)
    CTU-IoT-Malware-Capture-7-1.csv: chunk 17, 3,400,000 rows (190s)
    CTU-IoT-Malware-Capture-7-1.csv: chunk 18, 3,600,000 rows (201s)
    CTU-IoT-Malware-Capture-7-1.csv: chunk 19, 3,800,000 rows (212s)
    CTU-IoT-Malware-Capture-7-1.csv: chunk 20, 4,000,000 rows (224s)
    CTU-IoT-Malware-Capture-7-1.csv: chunk 21, 4,200,000 rows (235s)
    CTU-IoT-Malware-Capture-7-1.csv: chunk 22, 4,400,000 rows (246s)
    CTU-IoT-Malware-Capture-7-1.csv: chunk 23, 4,600,000 rows (257s)
    CTU-IoT-Malware-Capture-7-1.csv: chunk 24, 4,800,000 rows (268s)
    CTU-IoT-Malware-Capture-7-1.csv: chunk 25, 5,000,000 rows (280s)
    CTU-IoT-Malware-Capture-7-1.csv: chunk 26, 5,200,000 rows (291s)
    CTU-IoT-Malware-Capture-7-1.csv: chunk 27, 5,400,000 rows (302s)
    CTU-IoT-Malware-Capture-7-1.csv: chunk 28, 5,600,000 rows (313s)
    CTU-IoT-Malware-Capture-7-1.csv: chunk 29, 5,800,000 rows (324s)
    CTU-IoT-Malware-Capture-7-1.csv: chunk 30, 6,000,000 rows (335s)
    CTU-IoT-Malware-Capture-7-1.csv: chunk 31, 6,200,000 rows (346s)
    CTU-IoT-Malware-Capture-7-1.csv: chunk 32, 6,400,000 rows (357s)
    CTU-IoT-Malware-Capture-7-1.csv: chunk 33, 6,600,000 rows (368s)
    CTU-IoT-Malware-Capture-7-1.csv: chunk 34, 6,800,000 rows (379s)
    CTU-IoT-Malware-Capture-7-1.csv: chunk 35, 7,000,000 rows (390s)
    CTU-IoT-Malware-Capture-7-1.csv: chunk 36, 7,200,000 rows (401s)
    CTU-IoT-Malware-Capture-7-1.csv: chunk 37, 7,400,000 rows (412s)
    CTU-IoT-Malware-Capture-7-1.csv: chunk 38, 7,600,000 rows (423s)
    CTU-IoT-Malware-Capture-7-1.csv: chunk 39, 7,800,000 rows (434s)
    CTU-IoT-Malware-Capture-7-1.csv: chunk 40, 8,000,000 rows (445s)
    CTU-IoT-Malware-Capture-7-1.csv: chunk 41, 8,200,000 rows (456s)
    CTU-IoT-Malware-Capture-7-1.csv: chunk 42, 8,400,000 rows (467s)
    CTU-IoT-Malware-Capture-7-1.csv: chunk 43, 8,600,000 rows (478s)
    CTU-IoT-Malware-Capture-7-1.csv: chunk 44, 8,800,000 rows (489s)
    CTU-IoT-Malware-Capture-7-1.csv: chunk 45, 9,000,000 rows (500s)
    CTU-IoT-Malware-Capture-7-1.csv: chunk 46, 9,200,000 rows (512s)
    CTU-IoT-Malware-Capture-7-1.csv: chunk 47, 9,400,000 rows (523s)
    CTU-IoT-Malware-Capture-7-1.csv: chunk 48, 9,600,000 rows (534s)
    CTU-IoT-Malware-Capture-7-1.csv: chunk 49, 9,800,000 rows (545s)
    CTU-IoT-Malware-Capture-7-1.csv: chunk 50, 10,000,000 rows (556s)
    CTU-IoT-Malware-Capture-7-1.csv: chunk 51, 10,200,000 rows (567s)
    CTU-IoT-Malware-Capture-7-1.csv: chunk 52, 10,400,000 rows (578s)
    CTU-IoT-Malware-Capture-7-1.csv: chunk 53, 10,600,000 rows (589s)
    CTU-IoT-Malware-Capture-7-1.csv: chunk 54, 10,800,000 rows (600s)
    CTU-IoT-Malware-Capture-7-1.csv: chunk 55, 11,000,000 rows (611s)
    CTU-IoT-Malware-Capture-7-1.csv: chunk 56, 11,200,000 rows (622s)
    CTU-IoT-Malware-Capture-7-1.csv: chunk 57, 11,385,770 rows (632s)
[Linux Mirai] n=11,385,770  T2 out of control=29 (0.00%)  SPE out of control=0 (0.00%)
Summary: /home/jproanio/Desktop/Modelo_VAE/control_charts/output/phase2_summary.csv
=== 12:06:04 finished Linux Mirai ===
=== 12:06:04 starting IRCbot ===
Phase 1 reference: UCL_T2=84.8085  UCL_SPE=787.0822
[IRCbot] 1 csv(s): ['CTU-IoT-Malware-Capture-39-1_split.csv']
    CTU-IoT-Malware-Capture-39-1_split.csv: chunk 1, 200,000 rows (12s)
    CTU-IoT-Malware-Capture-39-1_split.csv: chunk 2, 400,000 rows (24s)
    CTU-IoT-Malware-Capture-39-1_split.csv: chunk 3, 600,000 rows (35s)
    CTU-IoT-Malware-Capture-39-1_split.csv: chunk 4, 800,000 rows (46s)
    CTU-IoT-Malware-Capture-39-1_split.csv: chunk 5, 1,000,000 rows (57s)
    CTU-IoT-Malware-Capture-39-1_split.csv: chunk 6, 1,200,000 rows (68s)
    CTU-IoT-Malware-Capture-39-1_split.csv: chunk 7, 1,400,000 rows (79s)
    CTU-IoT-Malware-Capture-39-1_split.csv: chunk 8, 1,600,000 rows (90s)
    CTU-IoT-Malware-Capture-39-1_split.csv: chunk 9, 1,800,000 rows (101s)
    CTU-IoT-Malware-Capture-39-1_split.csv: chunk 10, 2,000,000 rows (112s)
    CTU-IoT-Malware-Capture-39-1_split.csv: chunk 11, 2,200,000 rows (124s)
    CTU-IoT-Malware-Capture-39-1_split.csv: chunk 12, 2,400,000 rows (135s)
    CTU-IoT-Malware-Capture-39-1_split.csv: chunk 13, 2,600,000 rows (146s)
    CTU-IoT-Malware-Capture-39-1_split.csv: chunk 14, 2,800,000 rows (157s)
    CTU-IoT-Malware-Capture-39-1_split.csv: chunk 15, 3,000,000 rows (168s)
    CTU-IoT-Malware-Capture-39-1_split.csv: chunk 16, 3,200,000 rows (179s)
    CTU-IoT-Malware-Capture-39-1_split.csv: chunk 17, 3,400,000 rows (191s)
    CTU-IoT-Malware-Capture-39-1_split.csv: chunk 18, 3,600,000 rows (202s)
    CTU-IoT-Malware-Capture-39-1_split.csv: chunk 19, 3,800,000 rows (213s)
    CTU-IoT-Malware-Capture-39-1_split.csv: chunk 20, 4,000,000 rows (224s)
    CTU-IoT-Malware-Capture-39-1_split.csv: chunk 21, 4,200,000 rows (235s)
    CTU-IoT-Malware-Capture-39-1_split.csv: chunk 22, 4,400,000 rows (246s)
    CTU-IoT-Malware-Capture-39-1_split.csv: chunk 23, 4,600,000 rows (257s)
    CTU-IoT-Malware-Capture-39-1_split.csv: chunk 24, 4,800,000 rows (268s)
    CTU-IoT-Malware-Capture-39-1_split.csv: chunk 25, 5,000,000 rows (279s)
    CTU-IoT-Malware-Capture-39-1_split.csv: chunk 26, 5,200,000 rows (291s)
    CTU-IoT-Malware-Capture-39-1_split.csv: chunk 27, 5,400,000 rows (302s)
    CTU-IoT-Malware-Capture-39-1_split.csv: chunk 28, 5,600,000 rows (313s)
    CTU-IoT-Malware-Capture-39-1_split.csv: chunk 29, 5,800,000 rows (324s)
    CTU-IoT-Malware-Capture-39-1_split.csv: chunk 30, 6,000,000 rows (335s)
    CTU-IoT-Malware-Capture-39-1_split.csv: chunk 31, 6,200,000 rows (346s)
    CTU-IoT-Malware-Capture-39-1_split.csv: chunk 32, 6,400,000 rows (357s)
    CTU-IoT-Malware-Capture-39-1_split.csv: chunk 33, 6,600,000 rows (369s)
    CTU-IoT-Malware-Capture-39-1_split.csv: chunk 34, 6,800,000 rows (380s)
    CTU-IoT-Malware-Capture-39-1_split.csv: chunk 35, 7,000,000 rows (391s)
    CTU-IoT-Malware-Capture-39-1_split.csv: chunk 36, 7,200,000 rows (402s)
    CTU-IoT-Malware-Capture-39-1_split.csv: chunk 37, 7,400,000 rows (413s)
    CTU-IoT-Malware-Capture-39-1_split.csv: chunk 38, 7,600,000 rows (425s)
    CTU-IoT-Malware-Capture-39-1_split.csv: chunk 39, 7,800,000 rows (436s)
    CTU-IoT-Malware-Capture-39-1_split.csv: chunk 40, 8,000,000 rows (447s)
    CTU-IoT-Malware-Capture-39-1_split.csv: chunk 41, 8,200,000 rows (458s)
    CTU-IoT-Malware-Capture-39-1_split.csv: chunk 42, 8,400,000 rows (469s)
    CTU-IoT-Malware-Capture-39-1_split.csv: chunk 43, 8,600,000 rows (480s)
    CTU-IoT-Malware-Capture-39-1_split.csv: chunk 44, 8,800,000 rows (492s)
    CTU-IoT-Malware-Capture-39-1_split.csv: chunk 45, 9,000,000 rows (503s)
    CTU-IoT-Malware-Capture-39-1_split.csv: chunk 46, 9,200,000 rows (514s)
    CTU-IoT-Malware-Capture-39-1_split.csv: chunk 47, 9,400,000 rows (525s)
    CTU-IoT-Malware-Capture-39-1_split.csv: chunk 48, 9,600,000 rows (537s)
    CTU-IoT-Malware-Capture-39-1_split.csv: chunk 49, 9,800,000 rows (548s)
    CTU-IoT-Malware-Capture-39-1_split.csv: chunk 50, 10,000,000 rows (559s)
    CTU-IoT-Malware-Capture-39-1_split.csv: chunk 51, 10,200,000 rows (571s)
    CTU-IoT-Malware-Capture-39-1_split.csv: chunk 52, 10,400,000 rows (582s)
    CTU-IoT-Malware-Capture-39-1_split.csv: chunk 53, 10,600,000 rows (593s)
    CTU-IoT-Malware-Capture-39-1_split.csv: chunk 54, 10,800,000 rows (604s)
    CTU-IoT-Malware-Capture-39-1_split.csv: chunk 55, 11,000,000 rows (616s)
[IRCbot] n=11,000,000  T2 out of control=1 (0.00%)  SPE out of control=0 (0.00%)
Summary: /home/jproanio/Desktop/Modelo_VAE/control_charts/output/phase2_summary.csv
=== 12:16:26 finished IRCbot ===
=== 12:16:26 starting Kenjiro ===
Phase 1 reference: UCL_T2=84.8085  UCL_SPE=787.0822
[Kenjiro] 1 csv(s): ['CTU-IoT-Malware-Capture-17-1_split.csv']
    CTU-IoT-Malware-Capture-17-1_split.csv: chunk 1, 200,000 rows (13s)
    CTU-IoT-Malware-Capture-17-1_split.csv: chunk 2, 400,000 rows (24s)
    CTU-IoT-Malware-Capture-17-1_split.csv: chunk 3, 600,000 rows (35s)
    CTU-IoT-Malware-Capture-17-1_split.csv: chunk 4, 800,000 rows (46s)
    CTU-IoT-Malware-Capture-17-1_split.csv: chunk 5, 1,000,000 rows (57s)
    CTU-IoT-Malware-Capture-17-1_split.csv: chunk 6, 1,200,000 rows (69s)
    CTU-IoT-Malware-Capture-17-1_split.csv: chunk 7, 1,400,000 rows (80s)
    CTU-IoT-Malware-Capture-17-1_split.csv: chunk 8, 1,600,000 rows (91s)
    CTU-IoT-Malware-Capture-17-1_split.csv: chunk 9, 1,800,000 rows (102s)
    CTU-IoT-Malware-Capture-17-1_split.csv: chunk 10, 2,000,000 rows (114s)
    CTU-IoT-Malware-Capture-17-1_split.csv: chunk 11, 2,200,000 rows (125s)
    CTU-IoT-Malware-Capture-17-1_split.csv: chunk 12, 2,400,000 rows (136s)
    CTU-IoT-Malware-Capture-17-1_split.csv: chunk 13, 2,600,000 rows (147s)
    CTU-IoT-Malware-Capture-17-1_split.csv: chunk 14, 2,800,000 rows (159s)
    CTU-IoT-Malware-Capture-17-1_split.csv: chunk 15, 3,000,000 rows (170s)
    CTU-IoT-Malware-Capture-17-1_split.csv: chunk 16, 3,200,000 rows (181s)
    CTU-IoT-Malware-Capture-17-1_split.csv: chunk 17, 3,400,000 rows (192s)
    CTU-IoT-Malware-Capture-17-1_split.csv: chunk 18, 3,600,000 rows (204s)
    CTU-IoT-Malware-Capture-17-1_split.csv: chunk 19, 3,800,000 rows (215s)
    CTU-IoT-Malware-Capture-17-1_split.csv: chunk 20, 4,000,000 rows (226s)
    CTU-IoT-Malware-Capture-17-1_split.csv: chunk 21, 4,200,000 rows (237s)
    CTU-IoT-Malware-Capture-17-1_split.csv: chunk 22, 4,400,000 rows (248s)
    CTU-IoT-Malware-Capture-17-1_split.csv: chunk 23, 4,600,000 rows (260s)
    CTU-IoT-Malware-Capture-17-1_split.csv: chunk 24, 4,800,000 rows (271s)
    CTU-IoT-Malware-Capture-17-1_split.csv: chunk 25, 5,000,000 rows (282s)
    CTU-IoT-Malware-Capture-17-1_split.csv: chunk 26, 5,200,000 rows (293s)
    CTU-IoT-Malware-Capture-17-1_split.csv: chunk 27, 5,400,000 rows (304s)
    CTU-IoT-Malware-Capture-17-1_split.csv: chunk 28, 5,600,000 rows (316s)
    CTU-IoT-Malware-Capture-17-1_split.csv: chunk 29, 5,800,000 rows (327s)
    CTU-IoT-Malware-Capture-17-1_split.csv: chunk 30, 6,000,000 rows (338s)
    CTU-IoT-Malware-Capture-17-1_split.csv: chunk 31, 6,200,000 rows (349s)
    CTU-IoT-Malware-Capture-17-1_split.csv: chunk 32, 6,400,000 rows (361s)
    CTU-IoT-Malware-Capture-17-1_split.csv: chunk 33, 6,600,000 rows (372s)
    CTU-IoT-Malware-Capture-17-1_split.csv: chunk 34, 6,800,000 rows (384s)
    CTU-IoT-Malware-Capture-17-1_split.csv: chunk 35, 7,000,000 rows (395s)
    CTU-IoT-Malware-Capture-17-1_split.csv: chunk 36, 7,200,000 rows (406s)
    CTU-IoT-Malware-Capture-17-1_split.csv: chunk 37, 7,400,000 rows (418s)
    CTU-IoT-Malware-Capture-17-1_split.csv: chunk 38, 7,600,000 rows (429s)
    CTU-IoT-Malware-Capture-17-1_split.csv: chunk 39, 7,800,000 rows (440s)
    CTU-IoT-Malware-Capture-17-1_split.csv: chunk 40, 8,000,000 rows (451s)
    CTU-IoT-Malware-Capture-17-1_split.csv: chunk 41, 8,200,000 rows (463s)
    CTU-IoT-Malware-Capture-17-1_split.csv: chunk 42, 8,400,000 rows (474s)
    CTU-IoT-Malware-Capture-17-1_split.csv: chunk 43, 8,600,000 rows (485s)
    CTU-IoT-Malware-Capture-17-1_split.csv: chunk 44, 8,800,000 rows (497s)
    CTU-IoT-Malware-Capture-17-1_split.csv: chunk 45, 9,000,000 rows (508s)
    CTU-IoT-Malware-Capture-17-1_split.csv: chunk 46, 9,200,000 rows (520s)
    CTU-IoT-Malware-Capture-17-1_split.csv: chunk 47, 9,400,000 rows (531s)
    CTU-IoT-Malware-Capture-17-1_split.csv: chunk 48, 9,600,000 rows (542s)
    CTU-IoT-Malware-Capture-17-1_split.csv: chunk 49, 9,800,000 rows (554s)
    CTU-IoT-Malware-Capture-17-1_split.csv: chunk 50, 10,000,000 rows (565s)
    CTU-IoT-Malware-Capture-17-1_split.csv: chunk 51, 10,200,000 rows (576s)
    CTU-IoT-Malware-Capture-17-1_split.csv: chunk 52, 10,400,000 rows (588s)
    CTU-IoT-Malware-Capture-17-1_split.csv: chunk 53, 10,600,000 rows (599s)
    CTU-IoT-Malware-Capture-17-1_split.csv: chunk 54, 10,800,000 rows (611s)
    CTU-IoT-Malware-Capture-17-1_split.csv: chunk 55, 11,000,000 rows (622s)
[Kenjiro] n=11,000,000  T2 out of control=1 (0.00%)  SPE out of control=0 (0.00%)
Summary: /home/jproanio/Desktop/Modelo_VAE/control_charts/output/phase2_summary.csv
=== 12:26:55 finished Kenjiro ===
=== ALL DONE ===
