=== 11:27:00 starting Hakai ===
Referencia fase 1: UCL_T2=84.8085  UCL_SPE=787.0822
[Hakai] 1 csv(s): ['CTU-IoT-Malware-Capture-8-1.csv']
    CTU-IoT-Malware-Capture-8-1.csv: chunk 1, 2,966 filas (0s)
[Hakai] n=2,966  T2 fuera de control=0 (0.00%)  SPE fuera de control=0 (0.00%)
Resumen: /home/jproanio/Desktop/Modelo_VAE/control_charts/output/phase2_summary.csv
=== 11:27:07 finished Hakai ===
=== 11:27:07 starting Hide and seek ===
Referencia fase 1: UCL_T2=84.8085  UCL_SPE=787.0822
[Hide and seek] 1 csv(s): ['CTU-IoT-Malware-Capture-1-1.csv']
    CTU-IoT-Malware-Capture-1-1.csv: chunk 1, 12,030 filas (1s)
[Hide and seek] n=12,030  T2 fuera de control=0 (0.00%)  SPE fuera de control=0 (0.00%)
Resumen: /home/jproanio/Desktop/Modelo_VAE/control_charts/output/phase2_summary.csv
=== 11:27:15 finished Hide and seek ===
=== 11:27:15 starting Muhstik ===
Referencia fase 1: UCL_T2=84.8085  UCL_SPE=787.0822
[Muhstik] 1 csv(s): ['CTU-IoT-Malware-Capture-3-1.csv']
    CTU-IoT-Malware-Capture-3-1.csv: chunk 1, 83,648 filas (6s)
[Muhstik] n=83,648  T2 fuera de control=5 (0.01%)  SPE fuera de control=0 (0.00%)
Resumen: /home/jproanio/Desktop/Modelo_VAE/control_charts/output/phase2_summary.csv
=== 11:27:29 finished Muhstik ===
=== 11:27:29 starting Okiru ===
Referencia fase 1: UCL_T2=84.8085  UCL_SPE=787.0822
[Okiru] 1 csv(s): ['CTU-IoT-Malware-Capture-36-1.csv']
    CTU-IoT-Malware-Capture-36-1.csv: chunk 1, 200,000 filas (14s)
    CTU-IoT-Malware-Capture-36-1.csv: chunk 2, 400,000 filas (27s)
    CTU-IoT-Malware-Capture-36-1.csv: chunk 3, 600,000 filas (41s)
    CTU-IoT-Malware-Capture-36-1.csv: chunk 4, 800,000 filas (52s)
    CTU-IoT-Malware-Capture-36-1.csv: chunk 5, 1,000,000 filas (63s)
    CTU-IoT-Malware-Capture-36-1.csv: chunk 6, 1,200,000 filas (74s)
    CTU-IoT-Malware-Capture-36-1.csv: chunk 7, 1,400,000 filas (85s)
    CTU-IoT-Malware-Capture-36-1.csv: chunk 8, 1,600,000 filas (97s)
    CTU-IoT-Malware-Capture-36-1.csv: chunk 9, 1,800,000 filas (108s)
    CTU-IoT-Malware-Capture-36-1.csv: chunk 10, 2,000,000 filas (119s)
    CTU-IoT-Malware-Capture-36-1.csv: chunk 11, 2,200,000 filas (130s)
    CTU-IoT-Malware-Capture-36-1.csv: chunk 12, 2,400,000 filas (142s)
    CTU-IoT-Malware-Capture-36-1.csv: chunk 13, 2,600,000 filas (156s)
    CTU-IoT-Malware-Capture-36-1.csv: chunk 14, 2,725,762 filas (164s)
[Okiru] n=2,725,762  T2 fuera de control=1 (0.00%)  SPE fuera de control=0 (0.00%)
Resumen: /home/jproanio/Desktop/Modelo_VAE/control_charts/output/phase2_summary.csv
=== 11:30:21 finished Okiru ===
=== 11:30:21 starting Mirai ===
Referencia fase 1: UCL_T2=84.8085  UCL_SPE=787.0822
[Mirai] 1 csv(s): ['CTU-IoT-Malware-Capture-35-1.csv']
    CTU-IoT-Malware-Capture-35-1.csv: chunk 1, 200,000 filas (12s)
    CTU-IoT-Malware-Capture-35-1.csv: chunk 2, 400,000 filas (25s)
    CTU-IoT-Malware-Capture-35-1.csv: chunk 3, 600,000 filas (38s)
    CTU-IoT-Malware-Capture-35-1.csv: chunk 4, 800,000 filas (50s)
    CTU-IoT-Malware-Capture-35-1.csv: chunk 5, 1,000,000 filas (62s)
    CTU-IoT-Malware-Capture-35-1.csv: chunk 6, 1,200,000 filas (73s)
    CTU-IoT-Malware-Capture-35-1.csv: chunk 7, 1,400,000 filas (85s)
    CTU-IoT-Malware-Capture-35-1.csv: chunk 8, 1,600,000 filas (96s)
    CTU-IoT-Malware-Capture-35-1.csv: chunk 9, 1,800,000 filas (107s)
    CTU-IoT-Malware-Capture-35-1.csv: chunk 10, 2,000,000 filas (118s)
    CTU-IoT-Malware-Capture-35-1.csv: chunk 11, 2,200,000 filas (130s)
    CTU-IoT-Malware-Capture-35-1.csv: chunk 12, 2,400,000 filas (141s)
    CTU-IoT-Malware-Capture-35-1.csv: chunk 13, 2,600,000 filas (152s)
    CTU-IoT-Malware-Capture-35-1.csv: chunk 14, 2,800,000 filas (164s)
    CTU-IoT-Malware-Capture-35-1.csv: chunk 15, 3,000,000 filas (175s)
    CTU-IoT-Malware-Capture-35-1.csv: chunk 16, 3,200,000 filas (186s)
    CTU-IoT-Malware-Capture-35-1.csv: chunk 17, 3,400,000 filas (197s)
    CTU-IoT-Malware-Capture-35-1.csv: chunk 18, 3,600,000 filas (209s)
    CTU-IoT-Malware-Capture-35-1.csv: chunk 19, 3,800,000 filas (220s)
    CTU-IoT-Malware-Capture-35-1.csv: chunk 20, 4,000,000 filas (231s)
    CTU-IoT-Malware-Capture-35-1.csv: chunk 21, 4,200,000 filas (243s)
    CTU-IoT-Malware-Capture-35-1.csv: chunk 22, 4,377,188 filas (253s)
[Mirai] n=4,377,188  T2 fuera de control=67,779 (1.55%)  SPE fuera de control=149,304 (3.41%)
Resumen: /home/jproanio/Desktop/Modelo_VAE/control_charts/output/phase2_summary.csv
=== 11:34:42 finished Mirai ===
=== 11:34:42 starting Linux Hajime ===
Referencia fase 1: UCL_T2=84.8085  UCL_SPE=787.0822
[Linux Hajime] 1 csv(s): ['CTU-IoT-Malware-Capture-9-1.csv']
    CTU-IoT-Malware-Capture-9-1.csv: chunk 1, 200,000 filas (13s)
    CTU-IoT-Malware-Capture-9-1.csv: chunk 2, 400,000 filas (25s)
    CTU-IoT-Malware-Capture-9-1.csv: chunk 3, 600,000 filas (37s)
    CTU-IoT-Malware-Capture-9-1.csv: chunk 4, 800,000 filas (50s)
    CTU-IoT-Malware-Capture-9-1.csv: chunk 5, 1,000,000 filas (62s)
    CTU-IoT-Malware-Capture-9-1.csv: chunk 6, 1,200,000 filas (75s)
    CTU-IoT-Malware-Capture-9-1.csv: chunk 7, 1,400,000 filas (88s)
    CTU-IoT-Malware-Capture-9-1.csv: chunk 8, 1,600,000 filas (101s)
    CTU-IoT-Malware-Capture-9-1.csv: chunk 9, 1,800,000 filas (114s)
    CTU-IoT-Malware-Capture-9-1.csv: chunk 10, 2,000,000 filas (128s)
    CTU-IoT-Malware-Capture-9-1.csv: chunk 11, 2,200,000 filas (142s)
    CTU-IoT-Malware-Capture-9-1.csv: chunk 12, 2,400,000 filas (156s)
    CTU-IoT-Malware-Capture-9-1.csv: chunk 13, 2,600,000 filas (170s)
    CTU-IoT-Malware-Capture-9-1.csv: chunk 14, 2,800,000 filas (184s)
    CTU-IoT-Malware-Capture-9-1.csv: chunk 15, 3,000,000 filas (198s)
    CTU-IoT-Malware-Capture-9-1.csv: chunk 16, 3,200,000 filas (212s)
    CTU-IoT-Malware-Capture-9-1.csv: chunk 17, 3,400,000 filas (226s)
    CTU-IoT-Malware-Capture-9-1.csv: chunk 18, 3,600,000 filas (240s)
    CTU-IoT-Malware-Capture-9-1.csv: chunk 19, 3,800,000 filas (255s)
    CTU-IoT-Malware-Capture-9-1.csv: chunk 20, 4,000,000 filas (269s)
    CTU-IoT-Malware-Capture-9-1.csv: chunk 21, 4,200,000 filas (283s)
    CTU-IoT-Malware-Capture-9-1.csv: chunk 22, 4,400,000 filas (299s)
    CTU-IoT-Malware-Capture-9-1.csv: chunk 23, 4,600,000 filas (313s)
    CTU-IoT-Malware-Capture-9-1.csv: chunk 24, 4,800,000 filas (328s)
    CTU-IoT-Malware-Capture-9-1.csv: chunk 25, 5,000,000 filas (347s)
    CTU-IoT-Malware-Capture-9-1.csv: chunk 26, 5,200,000 filas (367s)
    CTU-IoT-Malware-Capture-9-1.csv: chunk 27, 5,400,000 filas (386s)
    CTU-IoT-Malware-Capture-9-1.csv: chunk 28, 5,600,000 filas (404s)
    CTU-IoT-Malware-Capture-9-1.csv: chunk 29, 5,800,000 filas (424s)
    CTU-IoT-Malware-Capture-9-1.csv: chunk 30, 6,000,000 filas (444s)
    CTU-IoT-Malware-Capture-9-1.csv: chunk 31, 6,200,000 filas (464s)
    CTU-IoT-Malware-Capture-9-1.csv: chunk 32, 6,374,577 filas (480s)
[Linux Hajime] n=6,374,577  T2 fuera de control=276 (0.00%)  SPE fuera de control=0 (0.00%)
Resumen: /home/jproanio/Desktop/Modelo_VAE/control_charts/output/phase2_summary.csv
