=== 13:19:51 starting Trojan ===
Phase 1 reference: UCL_T2=13.9743  UCL_SPE=7.8186
[Trojan] 1 csv(s): ['CTU-IoT-Malware-Capture-42-1.csv']
    CTU-IoT-Malware-Capture-42-1.csv: chunk 1, 3,628 rows (0s)
[Trojan] n=3,628  T2 out of control=987 (27.21%)  SPE out of control=2,013 (55.49%)
Summary: /home/jproanio/Desktop/Modelo_VAE/control_charts/output/phase2_summary.csv
=== 13:19:57 finished Trojan ===
=== 13:19:57 starting Torii ===
Phase 1 reference: UCL_T2=13.9743  UCL_SPE=7.8186
[Torii] 2 csv(s): ['CTU-IoT-Malware-Capture-20-1.csv', 'CTU-IoT-Malware-Capture-21-1.csv']
    CTU-IoT-Malware-Capture-20-1.csv: chunk 1, 1,552 rows (0s)
    CTU-IoT-Malware-Capture-21-1.csv: chunk 1, 3,014 rows (0s)
[Torii] n=4,566  T2 out of control=557 (12.20%)  SPE out of control=4,552 (99.69%)
Summary: /home/jproanio/Desktop/Modelo_VAE/control_charts/output/phase2_summary.csv
=== 13:20:02 finished Torii ===
=== 13:20:02 starting Hakai ===
Phase 1 reference: UCL_T2=13.9743  UCL_SPE=7.8186
[Hakai] 1 csv(s): ['CTU-IoT-Malware-Capture-8-1.csv']
    CTU-IoT-Malware-Capture-8-1.csv: chunk 1, 2,966 rows (0s)
[Hakai] n=2,966  T2 out of control=67 (2.26%)  SPE out of control=2,966 (100.00%)
Summary: /home/jproanio/Desktop/Modelo_VAE/control_charts/output/phase2_summary.csv
=== 13:20:07 finished Hakai ===
=== 13:20:07 starting Hide and seek ===
Phase 1 reference: UCL_T2=13.9743  UCL_SPE=7.8186
[Hide and seek] 1 csv(s): ['CTU-IoT-Malware-Capture-1-1.csv']
    CTU-IoT-Malware-Capture-1-1.csv: chunk 1, 12,030 rows (1s)
[Hide and seek] n=12,030  T2 out of control=3,890 (32.34%)  SPE out of control=11,546 (95.98%)
Summary: /home/jproanio/Desktop/Modelo_VAE/control_charts/output/phase2_summary.csv
=== 13:20:12 finished Hide and seek ===
=== 13:20:12 starting Muhstik ===
Phase 1 reference: UCL_T2=13.9743  UCL_SPE=7.8186
[Muhstik] 1 csv(s): ['CTU-IoT-Malware-Capture-3-1.csv']
    CTU-IoT-Malware-Capture-3-1.csv: chunk 1, 83,648 rows (4s)
[Muhstik] n=83,648  T2 out of control=82,972 (99.19%)  SPE out of control=83,646 (100.00%)
Summary: /home/jproanio/Desktop/Modelo_VAE/control_charts/output/phase2_summary.csv
=== 13:20:21 finished Muhstik ===
=== 13:20:21 starting Gafyt ===
Phase 1 reference: UCL_T2=13.9743  UCL_SPE=7.8186
[Gafyt] 1 csv(s): ['CTU-IoT-Malware-Capture-60-1.csv']
    CTU-IoT-Malware-Capture-60-1.csv: chunk 1, 66,248 rows (3s)
[Gafyt] n=66,248  T2 out of control=65,643 (99.09%)  SPE out of control=66,245 (100.00%)
Summary: /home/jproanio/Desktop/Modelo_VAE/control_charts/output/phase2_summary.csv
=== 13:20:29 finished Gafyt ===
=== 13:20:29 starting Okiru ===
Phase 1 reference: UCL_T2=13.9743  UCL_SPE=7.8186
[Okiru] 1 csv(s): ['CTU-IoT-Malware-Capture-36-1.csv']
    CTU-IoT-Malware-Capture-36-1.csv: chunk 1, 200,000 rows (9s)
    CTU-IoT-Malware-Capture-36-1.csv: chunk 2, 400,000 rows (18s)
    CTU-IoT-Malware-Capture-36-1.csv: chunk 3, 600,000 rows (27s)
    CTU-IoT-Malware-Capture-36-1.csv: chunk 4, 800,000 rows (36s)
    CTU-IoT-Malware-Capture-36-1.csv: chunk 5, 1,000,000 rows (46s)
    CTU-IoT-Malware-Capture-36-1.csv: chunk 6, 1,200,000 rows (56s)
    CTU-IoT-Malware-Capture-36-1.csv: chunk 7, 1,400,000 rows (66s)
    CTU-IoT-Malware-Capture-36-1.csv: chunk 8, 1,600,000 rows (76s)
    CTU-IoT-Malware-Capture-36-1.csv: chunk 9, 1,800,000 rows (85s)
    CTU-IoT-Malware-Capture-36-1.csv: chunk 10, 2,000,000 rows (94s)
    CTU-IoT-Malware-Capture-36-1.csv: chunk 11, 2,200,000 rows (103s)
    CTU-IoT-Malware-Capture-36-1.csv: chunk 12, 2,400,000 rows (112s)
    CTU-IoT-Malware-Capture-36-1.csv: chunk 13, 2,600,000 rows (121s)
    CTU-IoT-Malware-Capture-36-1.csv: chunk 14, 2,725,762 rows (127s)
[Okiru] n=2,725,762  T2 out of control=161 (0.01%)  SPE out of control=2,725,652 (100.00%)
Summary: /home/jproanio/Desktop/Modelo_VAE/control_charts/output/phase2_summary.csv
=== 13:22:45 finished Okiru ===
=== 13:22:45 starting Mirai ===
Phase 1 reference: UCL_T2=13.9743  UCL_SPE=7.8186
[Mirai] 1 csv(s): ['CTU-IoT-Malware-Capture-35-1.csv']
    CTU-IoT-Malware-Capture-35-1.csv: chunk 1, 200,000 rows (9s)
    CTU-IoT-Malware-Capture-35-1.csv: chunk 2, 400,000 rows (18s)
    CTU-IoT-Malware-Capture-35-1.csv: chunk 3, 600,000 rows (27s)
    CTU-IoT-Malware-Capture-35-1.csv: chunk 4, 800,000 rows (36s)
    CTU-IoT-Malware-Capture-35-1.csv: chunk 5, 1,000,000 rows (45s)
    CTU-IoT-Malware-Capture-35-1.csv: chunk 6, 1,200,000 rows (54s)
    CTU-IoT-Malware-Capture-35-1.csv: chunk 7, 1,400,000 rows (63s)
    CTU-IoT-Malware-Capture-35-1.csv: chunk 8, 1,600,000 rows (72s)
    CTU-IoT-Malware-Capture-35-1.csv: chunk 9, 1,800,000 rows (81s)
    CTU-IoT-Malware-Capture-35-1.csv: chunk 10, 2,000,000 rows (92s)
    CTU-IoT-Malware-Capture-35-1.csv: chunk 11, 2,200,000 rows (101s)
    CTU-IoT-Malware-Capture-35-1.csv: chunk 12, 2,400,000 rows (111s)
    CTU-IoT-Malware-Capture-35-1.csv: chunk 13, 2,600,000 rows (121s)
    CTU-IoT-Malware-Capture-35-1.csv: chunk 14, 2,800,000 rows (132s)
    CTU-IoT-Malware-Capture-35-1.csv: chunk 15, 3,000,000 rows (141s)
    CTU-IoT-Malware-Capture-35-1.csv: chunk 16, 3,200,000 rows (150s)
    CTU-IoT-Malware-Capture-35-1.csv: chunk 17, 3,400,000 rows (159s)
    CTU-IoT-Malware-Capture-35-1.csv: chunk 18, 3,600,000 rows (168s)
    CTU-IoT-Malware-Capture-35-1.csv: chunk 19, 3,800,000 rows (177s)
    CTU-IoT-Malware-Capture-35-1.csv: chunk 20, 4,000,000 rows (186s)
    CTU-IoT-Malware-Capture-35-1.csv: chunk 21, 4,200,000 rows (195s)
    CTU-IoT-Malware-Capture-35-1.csv: chunk 22, 4,377,188 rows (203s)
[Mirai] n=4,377,188  T2 out of control=4,347,987 (99.33%)  SPE out of control=4,374,094 (99.93%)
Summary: /home/jproanio/Desktop/Modelo_VAE/control_charts/output/phase2_summary.csv
=== 13:26:28 finished Mirai ===
=== 13:26:28 starting Linux Hajime ===
Phase 1 reference: UCL_T2=13.9743  UCL_SPE=7.8186
[Linux Hajime] 1 csv(s): ['CTU-IoT-Malware-Capture-9-1.csv']
    CTU-IoT-Malware-Capture-9-1.csv: chunk 1, 200,000 rows (9s)
    CTU-IoT-Malware-Capture-9-1.csv: chunk 2, 400,000 rows (18s)
    CTU-IoT-Malware-Capture-9-1.csv: chunk 3, 600,000 rows (27s)
    CTU-IoT-Malware-Capture-9-1.csv: chunk 4, 800,000 rows (36s)
    CTU-IoT-Malware-Capture-9-1.csv: chunk 5, 1,000,000 rows (45s)
    CTU-IoT-Malware-Capture-9-1.csv: chunk 6, 1,200,000 rows (54s)
    CTU-IoT-Malware-Capture-9-1.csv: chunk 7, 1,400,000 rows (63s)
    CTU-IoT-Malware-Capture-9-1.csv: chunk 8, 1,600,000 rows (72s)
    CTU-IoT-Malware-Capture-9-1.csv: chunk 9, 1,800,000 rows (80s)
    CTU-IoT-Malware-Capture-9-1.csv: chunk 10, 2,000,000 rows (89s)
    CTU-IoT-Malware-Capture-9-1.csv: chunk 11, 2,200,000 rows (98s)
    CTU-IoT-Malware-Capture-9-1.csv: chunk 12, 2,400,000 rows (107s)
    CTU-IoT-Malware-Capture-9-1.csv: chunk 13, 2,600,000 rows (115s)
    CTU-IoT-Malware-Capture-9-1.csv: chunk 14, 2,800,000 rows (124s)
    CTU-IoT-Malware-Capture-9-1.csv: chunk 15, 3,000,000 rows (133s)
    CTU-IoT-Malware-Capture-9-1.csv: chunk 16, 3,200,000 rows (142s)
    CTU-IoT-Malware-Capture-9-1.csv: chunk 17, 3,400,000 rows (150s)
    CTU-IoT-Malware-Capture-9-1.csv: chunk 18, 3,600,000 rows (159s)
    CTU-IoT-Malware-Capture-9-1.csv: chunk 19, 3,800,000 rows (168s)
    CTU-IoT-Malware-Capture-9-1.csv: chunk 20, 4,000,000 rows (177s)
    CTU-IoT-Malware-Capture-9-1.csv: chunk 21, 4,200,000 rows (186s)
    CTU-IoT-Malware-Capture-9-1.csv: chunk 22, 4,400,000 rows (194s)
    CTU-IoT-Malware-Capture-9-1.csv: chunk 23, 4,600,000 rows (203s)
    CTU-IoT-Malware-Capture-9-1.csv: chunk 24, 4,800,000 rows (212s)
    CTU-IoT-Malware-Capture-9-1.csv: chunk 25, 5,000,000 rows (221s)
    CTU-IoT-Malware-Capture-9-1.csv: chunk 26, 5,200,000 rows (230s)
    CTU-IoT-Malware-Capture-9-1.csv: chunk 27, 5,400,000 rows (238s)
    CTU-IoT-Malware-Capture-9-1.csv: chunk 28, 5,600,000 rows (247s)
    CTU-IoT-Malware-Capture-9-1.csv: chunk 29, 5,800,000 rows (256s)
    CTU-IoT-Malware-Capture-9-1.csv: chunk 30, 6,000,000 rows (265s)
    CTU-IoT-Malware-Capture-9-1.csv: chunk 31, 6,200,000 rows (274s)
    CTU-IoT-Malware-Capture-9-1.csv: chunk 32, 6,374,577 rows (281s)
[Linux Hajime] n=6,374,577  T2 out of control=3,800,374 (59.62%)  SPE out of control=6,371,903 (99.96%)
Summary: /home/jproanio/Desktop/Modelo_VAE/control_charts/output/phase2_summary.csv
=== 13:31:33 finished Linux Hajime ===
=== 13:31:33 starting Linux Mirai ===
Phase 1 reference: UCL_T2=13.9743  UCL_SPE=7.8186
[Linux Mirai] 1 csv(s): ['CTU-IoT-Malware-Capture-7-1.csv']
    CTU-IoT-Malware-Capture-7-1.csv: chunk 1, 200,000 rows (9s)
    CTU-IoT-Malware-Capture-7-1.csv: chunk 2, 400,000 rows (18s)
    CTU-IoT-Malware-Capture-7-1.csv: chunk 3, 600,000 rows (27s)
    CTU-IoT-Malware-Capture-7-1.csv: chunk 4, 800,000 rows (35s)
    CTU-IoT-Malware-Capture-7-1.csv: chunk 5, 1,000,000 rows (44s)
    CTU-IoT-Malware-Capture-7-1.csv: chunk 6, 1,200,000 rows (53s)
    CTU-IoT-Malware-Capture-7-1.csv: chunk 7, 1,400,000 rows (62s)
    CTU-IoT-Malware-Capture-7-1.csv: chunk 8, 1,600,000 rows (71s)
    CTU-IoT-Malware-Capture-7-1.csv: chunk 9, 1,800,000 rows (79s)
    CTU-IoT-Malware-Capture-7-1.csv: chunk 10, 2,000,000 rows (88s)
    CTU-IoT-Malware-Capture-7-1.csv: chunk 11, 2,200,000 rows (97s)
    CTU-IoT-Malware-Capture-7-1.csv: chunk 12, 2,400,000 rows (106s)
    CTU-IoT-Malware-Capture-7-1.csv: chunk 13, 2,600,000 rows (115s)
    CTU-IoT-Malware-Capture-7-1.csv: chunk 14, 2,800,000 rows (123s)
    CTU-IoT-Malware-Capture-7-1.csv: chunk 15, 3,000,000 rows (132s)
    CTU-IoT-Malware-Capture-7-1.csv: chunk 16, 3,200,000 rows (141s)
    CTU-IoT-Malware-Capture-7-1.csv: chunk 17, 3,400,000 rows (150s)
    CTU-IoT-Malware-Capture-7-1.csv: chunk 18, 3,600,000 rows (159s)
    CTU-IoT-Malware-Capture-7-1.csv: chunk 19, 3,800,000 rows (168s)
    CTU-IoT-Malware-Capture-7-1.csv: chunk 20, 4,000,000 rows (176s)
    CTU-IoT-Malware-Capture-7-1.csv: chunk 21, 4,200,000 rows (185s)
    CTU-IoT-Malware-Capture-7-1.csv: chunk 22, 4,400,000 rows (194s)
    CTU-IoT-Malware-Capture-7-1.csv: chunk 23, 4,600,000 rows (203s)
    CTU-IoT-Malware-Capture-7-1.csv: chunk 24, 4,800,000 rows (212s)
    CTU-IoT-Malware-Capture-7-1.csv: chunk 25, 5,000,000 rows (221s)
    CTU-IoT-Malware-Capture-7-1.csv: chunk 26, 5,200,000 rows (230s)
    CTU-IoT-Malware-Capture-7-1.csv: chunk 27, 5,400,000 rows (239s)
    CTU-IoT-Malware-Capture-7-1.csv: chunk 28, 5,600,000 rows (247s)
    CTU-IoT-Malware-Capture-7-1.csv: chunk 29, 5,800,000 rows (256s)
    CTU-IoT-Malware-Capture-7-1.csv: chunk 30, 6,000,000 rows (265s)
    CTU-IoT-Malware-Capture-7-1.csv: chunk 31, 6,200,000 rows (274s)
    CTU-IoT-Malware-Capture-7-1.csv: chunk 32, 6,400,000 rows (283s)
    CTU-IoT-Malware-Capture-7-1.csv: chunk 33, 6,600,000 rows (292s)
    CTU-IoT-Malware-Capture-7-1.csv: chunk 34, 6,800,000 rows (301s)
    CTU-IoT-Malware-Capture-7-1.csv: chunk 35, 7,000,000 rows (309s)
    CTU-IoT-Malware-Capture-7-1.csv: chunk 36, 7,200,000 rows (318s)
    CTU-IoT-Malware-Capture-7-1.csv: chunk 37, 7,400,000 rows (327s)
    CTU-IoT-Malware-Capture-7-1.csv: chunk 38, 7,600,000 rows (336s)
    CTU-IoT-Malware-Capture-7-1.csv: chunk 39, 7,800,000 rows (345s)
    CTU-IoT-Malware-Capture-7-1.csv: chunk 40, 8,000,000 rows (354s)
    CTU-IoT-Malware-Capture-7-1.csv: chunk 41, 8,200,000 rows (363s)
    CTU-IoT-Malware-Capture-7-1.csv: chunk 42, 8,400,000 rows (372s)
    CTU-IoT-Malware-Capture-7-1.csv: chunk 43, 8,600,000 rows (381s)
    CTU-IoT-Malware-Capture-7-1.csv: chunk 44, 8,800,000 rows (390s)
    CTU-IoT-Malware-Capture-7-1.csv: chunk 45, 9,000,000 rows (399s)
    CTU-IoT-Malware-Capture-7-1.csv: chunk 46, 9,200,000 rows (408s)
    CTU-IoT-Malware-Capture-7-1.csv: chunk 47, 9,400,000 rows (416s)
    CTU-IoT-Malware-Capture-7-1.csv: chunk 48, 9,600,000 rows (425s)
    CTU-IoT-Malware-Capture-7-1.csv: chunk 49, 9,800,000 rows (434s)
    CTU-IoT-Malware-Capture-7-1.csv: chunk 50, 10,000,000 rows (443s)
    CTU-IoT-Malware-Capture-7-1.csv: chunk 51, 10,200,000 rows (452s)
    CTU-IoT-Malware-Capture-7-1.csv: chunk 52, 10,400,000 rows (461s)
    CTU-IoT-Malware-Capture-7-1.csv: chunk 53, 10,600,000 rows (470s)
    CTU-IoT-Malware-Capture-7-1.csv: chunk 54, 10,800,000 rows (479s)
    CTU-IoT-Malware-Capture-7-1.csv: chunk 55, 11,000,000 rows (488s)
    CTU-IoT-Malware-Capture-7-1.csv: chunk 56, 11,200,000 rows (497s)
    CTU-IoT-Malware-Capture-7-1.csv: chunk 57, 11,385,770 rows (505s)
[Linux Mirai] n=11,385,770  T2 out of control=7,395 (0.06%)  SPE out of control=11,378,730 (99.94%)
Summary: /home/jproanio/Desktop/Modelo_VAE/control_charts/output/phase2_summary.csv
=== 13:40:25 finished Linux Mirai ===
=== 13:40:25 starting IRCbot ===
Phase 1 reference: UCL_T2=13.9743  UCL_SPE=7.8186
[IRCbot] 1 csv(s): ['CTU-IoT-Malware-Capture-39-1_split.csv']
    CTU-IoT-Malware-Capture-39-1_split.csv: chunk 1, 200,000 rows (9s)
    CTU-IoT-Malware-Capture-39-1_split.csv: chunk 2, 400,000 rows (18s)
    CTU-IoT-Malware-Capture-39-1_split.csv: chunk 3, 600,000 rows (27s)
    CTU-IoT-Malware-Capture-39-1_split.csv: chunk 4, 800,000 rows (36s)
    CTU-IoT-Malware-Capture-39-1_split.csv: chunk 5, 1,000,000 rows (45s)
    CTU-IoT-Malware-Capture-39-1_split.csv: chunk 6, 1,200,000 rows (54s)
    CTU-IoT-Malware-Capture-39-1_split.csv: chunk 7, 1,400,000 rows (63s)
    CTU-IoT-Malware-Capture-39-1_split.csv: chunk 8, 1,600,000 rows (72s)
    CTU-IoT-Malware-Capture-39-1_split.csv: chunk 9, 1,800,000 rows (81s)
    CTU-IoT-Malware-Capture-39-1_split.csv: chunk 10, 2,000,000 rows (90s)
    CTU-IoT-Malware-Capture-39-1_split.csv: chunk 11, 2,200,000 rows (99s)
    CTU-IoT-Malware-Capture-39-1_split.csv: chunk 12, 2,400,000 rows (108s)
    CTU-IoT-Malware-Capture-39-1_split.csv: chunk 13, 2,600,000 rows (117s)
    CTU-IoT-Malware-Capture-39-1_split.csv: chunk 14, 2,800,000 rows (126s)
    CTU-IoT-Malware-Capture-39-1_split.csv: chunk 15, 3,000,000 rows (135s)
    CTU-IoT-Malware-Capture-39-1_split.csv: chunk 16, 3,200,000 rows (144s)
    CTU-IoT-Malware-Capture-39-1_split.csv: chunk 17, 3,400,000 rows (153s)
    CTU-IoT-Malware-Capture-39-1_split.csv: chunk 18, 3,600,000 rows (162s)
    CTU-IoT-Malware-Capture-39-1_split.csv: chunk 19, 3,800,000 rows (171s)
    CTU-IoT-Malware-Capture-39-1_split.csv: chunk 20, 4,000,000 rows (179s)
    CTU-IoT-Malware-Capture-39-1_split.csv: chunk 21, 4,200,000 rows (189s)
    CTU-IoT-Malware-Capture-39-1_split.csv: chunk 22, 4,400,000 rows (198s)
    CTU-IoT-Malware-Capture-39-1_split.csv: chunk 23, 4,600,000 rows (207s)
    CTU-IoT-Malware-Capture-39-1_split.csv: chunk 24, 4,800,000 rows (216s)
    CTU-IoT-Malware-Capture-39-1_split.csv: chunk 25, 5,000,000 rows (224s)
    CTU-IoT-Malware-Capture-39-1_split.csv: chunk 26, 5,200,000 rows (233s)
    CTU-IoT-Malware-Capture-39-1_split.csv: chunk 27, 5,400,000 rows (242s)
    CTU-IoT-Malware-Capture-39-1_split.csv: chunk 28, 5,600,000 rows (251s)
    CTU-IoT-Malware-Capture-39-1_split.csv: chunk 29, 5,800,000 rows (260s)
    CTU-IoT-Malware-Capture-39-1_split.csv: chunk 30, 6,000,000 rows (269s)
    CTU-IoT-Malware-Capture-39-1_split.csv: chunk 31, 6,200,000 rows (279s)
    CTU-IoT-Malware-Capture-39-1_split.csv: chunk 32, 6,400,000 rows (288s)
    CTU-IoT-Malware-Capture-39-1_split.csv: chunk 33, 6,600,000 rows (297s)
    CTU-IoT-Malware-Capture-39-1_split.csv: chunk 34, 6,800,000 rows (306s)
    CTU-IoT-Malware-Capture-39-1_split.csv: chunk 35, 7,000,000 rows (315s)
    CTU-IoT-Malware-Capture-39-1_split.csv: chunk 36, 7,200,000 rows (323s)
    CTU-IoT-Malware-Capture-39-1_split.csv: chunk 37, 7,400,000 rows (332s)
    CTU-IoT-Malware-Capture-39-1_split.csv: chunk 38, 7,600,000 rows (341s)
    CTU-IoT-Malware-Capture-39-1_split.csv: chunk 39, 7,800,000 rows (351s)
    CTU-IoT-Malware-Capture-39-1_split.csv: chunk 40, 8,000,000 rows (359s)
    CTU-IoT-Malware-Capture-39-1_split.csv: chunk 41, 8,200,000 rows (368s)
    CTU-IoT-Malware-Capture-39-1_split.csv: chunk 42, 8,400,000 rows (377s)
    CTU-IoT-Malware-Capture-39-1_split.csv: chunk 43, 8,600,000 rows (386s)
    CTU-IoT-Malware-Capture-39-1_split.csv: chunk 44, 8,800,000 rows (395s)
    CTU-IoT-Malware-Capture-39-1_split.csv: chunk 45, 9,000,000 rows (404s)
    CTU-IoT-Malware-Capture-39-1_split.csv: chunk 46, 9,200,000 rows (413s)
    CTU-IoT-Malware-Capture-39-1_split.csv: chunk 47, 9,400,000 rows (422s)
    CTU-IoT-Malware-Capture-39-1_split.csv: chunk 48, 9,600,000 rows (431s)
    CTU-IoT-Malware-Capture-39-1_split.csv: chunk 49, 9,800,000 rows (440s)
    CTU-IoT-Malware-Capture-39-1_split.csv: chunk 50, 10,000,000 rows (449s)
    CTU-IoT-Malware-Capture-39-1_split.csv: chunk 51, 10,200,000 rows (458s)
    CTU-IoT-Malware-Capture-39-1_split.csv: chunk 52, 10,400,000 rows (467s)
    CTU-IoT-Malware-Capture-39-1_split.csv: chunk 53, 10,600,000 rows (476s)
    CTU-IoT-Malware-Capture-39-1_split.csv: chunk 54, 10,800,000 rows (485s)
    CTU-IoT-Malware-Capture-39-1_split.csv: chunk 55, 11,000,000 rows (494s)
[IRCbot] n=11,000,000  T2 out of control=10,982,846 (99.84%)  SPE out of control=10,999,549 (100.00%)
Summary: /home/jproanio/Desktop/Modelo_VAE/control_charts/output/phase2_summary.csv
=== 13:49:23 finished IRCbot ===
=== 13:49:23 starting Kenjiro ===
Phase 1 reference: UCL_T2=13.9743  UCL_SPE=7.8186
[Kenjiro] 1 csv(s): ['CTU-IoT-Malware-Capture-17-1_split.csv']
    CTU-IoT-Malware-Capture-17-1_split.csv: chunk 1, 200,000 rows (9s)
    CTU-IoT-Malware-Capture-17-1_split.csv: chunk 2, 400,000 rows (18s)
    CTU-IoT-Malware-Capture-17-1_split.csv: chunk 3, 600,000 rows (27s)
    CTU-IoT-Malware-Capture-17-1_split.csv: chunk 4, 800,000 rows (36s)
    CTU-IoT-Malware-Capture-17-1_split.csv: chunk 5, 1,000,000 rows (45s)
    CTU-IoT-Malware-Capture-17-1_split.csv: chunk 6, 1,200,000 rows (54s)
    CTU-IoT-Malware-Capture-17-1_split.csv: chunk 7, 1,400,000 rows (63s)
    CTU-IoT-Malware-Capture-17-1_split.csv: chunk 8, 1,600,000 rows (72s)
    CTU-IoT-Malware-Capture-17-1_split.csv: chunk 9, 1,800,000 rows (81s)
    CTU-IoT-Malware-Capture-17-1_split.csv: chunk 10, 2,000,000 rows (90s)
    CTU-IoT-Malware-Capture-17-1_split.csv: chunk 11, 2,200,000 rows (99s)
    CTU-IoT-Malware-Capture-17-1_split.csv: chunk 12, 2,400,000 rows (108s)
    CTU-IoT-Malware-Capture-17-1_split.csv: chunk 13, 2,600,000 rows (117s)
    CTU-IoT-Malware-Capture-17-1_split.csv: chunk 14, 2,800,000 rows (125s)
    CTU-IoT-Malware-Capture-17-1_split.csv: chunk 15, 3,000,000 rows (134s)
    CTU-IoT-Malware-Capture-17-1_split.csv: chunk 16, 3,200,000 rows (143s)
    CTU-IoT-Malware-Capture-17-1_split.csv: chunk 17, 3,400,000 rows (152s)
    CTU-IoT-Malware-Capture-17-1_split.csv: chunk 18, 3,600,000 rows (161s)
    CTU-IoT-Malware-Capture-17-1_split.csv: chunk 19, 3,800,000 rows (170s)
    CTU-IoT-Malware-Capture-17-1_split.csv: chunk 20, 4,000,000 rows (179s)
    CTU-IoT-Malware-Capture-17-1_split.csv: chunk 21, 4,200,000 rows (188s)
    CTU-IoT-Malware-Capture-17-1_split.csv: chunk 22, 4,400,000 rows (197s)
    CTU-IoT-Malware-Capture-17-1_split.csv: chunk 23, 4,600,000 rows (206s)
    CTU-IoT-Malware-Capture-17-1_split.csv: chunk 24, 4,800,000 rows (215s)
    CTU-IoT-Malware-Capture-17-1_split.csv: chunk 25, 5,000,000 rows (224s)
    CTU-IoT-Malware-Capture-17-1_split.csv: chunk 26, 5,200,000 rows (233s)
    CTU-IoT-Malware-Capture-17-1_split.csv: chunk 27, 5,400,000 rows (242s)
    CTU-IoT-Malware-Capture-17-1_split.csv: chunk 28, 5,600,000 rows (251s)
    CTU-IoT-Malware-Capture-17-1_split.csv: chunk 29, 5,800,000 rows (260s)
    CTU-IoT-Malware-Capture-17-1_split.csv: chunk 30, 6,000,000 rows (269s)
    CTU-IoT-Malware-Capture-17-1_split.csv: chunk 31, 6,200,000 rows (277s)
    CTU-IoT-Malware-Capture-17-1_split.csv: chunk 32, 6,400,000 rows (286s)
    CTU-IoT-Malware-Capture-17-1_split.csv: chunk 33, 6,600,000 rows (296s)
    CTU-IoT-Malware-Capture-17-1_split.csv: chunk 34, 6,800,000 rows (305s)
    CTU-IoT-Malware-Capture-17-1_split.csv: chunk 35, 7,000,000 rows (314s)
    CTU-IoT-Malware-Capture-17-1_split.csv: chunk 36, 7,200,000 rows (323s)
    CTU-IoT-Malware-Capture-17-1_split.csv: chunk 37, 7,400,000 rows (332s)
    CTU-IoT-Malware-Capture-17-1_split.csv: chunk 38, 7,600,000 rows (341s)
    CTU-IoT-Malware-Capture-17-1_split.csv: chunk 39, 7,800,000 rows (350s)
    CTU-IoT-Malware-Capture-17-1_split.csv: chunk 40, 8,000,000 rows (359s)
    CTU-IoT-Malware-Capture-17-1_split.csv: chunk 41, 8,200,000 rows (368s)
    CTU-IoT-Malware-Capture-17-1_split.csv: chunk 42, 8,400,000 rows (377s)
    CTU-IoT-Malware-Capture-17-1_split.csv: chunk 43, 8,600,000 rows (386s)
    CTU-IoT-Malware-Capture-17-1_split.csv: chunk 44, 8,800,000 rows (394s)
    CTU-IoT-Malware-Capture-17-1_split.csv: chunk 45, 9,000,000 rows (403s)
    CTU-IoT-Malware-Capture-17-1_split.csv: chunk 46, 9,200,000 rows (412s)
    CTU-IoT-Malware-Capture-17-1_split.csv: chunk 47, 9,400,000 rows (422s)
    CTU-IoT-Malware-Capture-17-1_split.csv: chunk 48, 9,600,000 rows (431s)
    CTU-IoT-Malware-Capture-17-1_split.csv: chunk 49, 9,800,000 rows (440s)
    CTU-IoT-Malware-Capture-17-1_split.csv: chunk 50, 10,000,000 rows (449s)
    CTU-IoT-Malware-Capture-17-1_split.csv: chunk 51, 10,200,000 rows (458s)
    CTU-IoT-Malware-Capture-17-1_split.csv: chunk 52, 10,400,000 rows (467s)
    CTU-IoT-Malware-Capture-17-1_split.csv: chunk 53, 10,600,000 rows (476s)
    CTU-IoT-Malware-Capture-17-1_split.csv: chunk 54, 10,800,000 rows (485s)
    CTU-IoT-Malware-Capture-17-1_split.csv: chunk 55, 11,000,000 rows (493s)
[Kenjiro] n=11,000,000  T2 out of control=277,465 (2.52%)  SPE out of control=10,997,886 (99.98%)
Summary: /home/jproanio/Desktop/Modelo_VAE/control_charts/output/phase2_summary.csv
=== 13:58:03 finished Kenjiro ===
=== ALL DONE ===
